Component: ARM Compiler 6.16 Tool: armlink [5dfeaa00]

==============================================================================

Section Cross References

    adc.o(.ARM.exidx.text.LM35_Init) refers to adc.o(.text.LM35_Init) for [Anonymous Symbol]
    adc.o(.ARM.exidx.text.LM35_Value) refers to adc.o(.text.LM35_Value) for [Anonymous Symbol]
    lcd.o(.ARM.exidx.text.delayUs) refers to lcd.o(.text.delayUs) for [Anonymous Symbol]
    lcd.o(.ARM.exidx.text.delayMs) refers to lcd.o(.text.delayMs) for [Anonymous Symbol]
    lcd.o(.text.LCD_command) refers to lcd.o(.text.delayUs) for delayUs
    lcd.o(.text.LCD_command) refers to lcd.o(.text.delayMs) for delayMs
    lcd.o(.ARM.exidx.text.LCD_command) refers to lcd.o(.text.LCD_command) for [Anonymous Symbol]
    lcd.o(.text.LCD_start) refers to lcd.o(.text.delayMs) for delayMs
    lcd.o(.text.LCD_start) refers to lcd.o(.text.LCD_command) for LCD_command
    lcd.o(.text.LCD_start) refers to lcd.o(.text.delayUs) for delayUs
    lcd.o(.ARM.exidx.text.LCD_start) refers to lcd.o(.text.LCD_start) for [Anonymous Symbol]
    lcd.o(.text.LCD_data) refers to lcd.o(.text.delayUs) for delayUs
    lcd.o(.ARM.exidx.text.LCD_data) refers to lcd.o(.text.LCD_data) for [Anonymous Symbol]
    lcd.o(.text.LCD_clear) refers to lcd.o(.text.LCD_command) for LCD_command
    lcd.o(.ARM.exidx.text.LCD_clear) refers to lcd.o(.text.LCD_clear) for [Anonymous Symbol]
    lcd.o(.text.LCD_line) refers to lcd.o(.text.LCD_command) for LCD_command
    lcd.o(.ARM.exidx.text.LCD_line) refers to lcd.o(.text.LCD_line) for [Anonymous Symbol]
    lcd.o(.text.LCD_display) refers to strlen.o(.text) for strlen
    lcd.o(.text.LCD_display) refers to lcd.o(.text.LCD_data) for LCD_data
    lcd.o(.ARM.exidx.text.LCD_display) refers to lcd.o(.text.LCD_display) for [Anonymous Symbol]
    main.o(.text.ADC_Read_Task) refers to main.o(.bss.xSemaphore) for xSemaphore
    main.o(.text.ADC_Read_Task) refers to queue.o(.text.xQueueSemaphoreTake) for xQueueSemaphoreTake
    main.o(.text.ADC_Read_Task) refers to main.o(.data.User) for User
    main.o(.text.ADC_Read_Task) refers to main.o(.bss.xUARTQueue) for xUARTQueue
    main.o(.text.ADC_Read_Task) refers to queue.o(.text.xQueueReceive) for xQueueReceive
    main.o(.text.ADC_Read_Task) refers to adc.o(.text.LM35_Value) for LM35_Value
    main.o(.text.ADC_Read_Task) refers to uart.o(.text.toString) for toString
    main.o(.text.ADC_Read_Task) refers to queue.o(.text.xQueueGenericSend) for xQueueGenericSend
    main.o(.text.ADC_Read_Task) refers to main.o(.bss.xLCDQueue) for xLCDQueue
    main.o(.text.ADC_Read_Task) refers to main.o(.bss.xBuzzerQueue) for xBuzzerQueue
    main.o(.ARM.exidx.text.ADC_Read_Task) refers to main.o(.text.ADC_Read_Task) for [Anonymous Symbol]
    main.o(.text.UART_TASK) refers to main.o(.data.User) for User
    main.o(.text.UART_TASK) refers to main.o(.rodata.str1.1) for .L.str
    main.o(.text.UART_TASK) refers to uart.o(.text.print) for print
    main.o(.text.UART_TASK) refers to main.o(.bss.xUARTQueue) for xUARTQueue
    main.o(.text.UART_TASK) refers to queue.o(.text.xQueueGenericSend) for xQueueGenericSend
    main.o(.text.UART_TASK) refers to queue.o(.text.xQueueReceive) for xQueueReceive
    main.o(.ARM.exidx.text.UART_TASK) refers to main.o(.text.UART_TASK) for [Anonymous Symbol]
    main.o(.ARM.exidx.text.vApplicationIdleHook) refers to main.o(.text.vApplicationIdleHook) for [Anonymous Symbol]
    main.o(.text.ADC0SS3_Handler) refers to main.o(.bss.xSemaphore) for xSemaphore
    main.o(.text.ADC0SS3_Handler) refers to queue.o(.text.xQueueGiveFromISR) for xQueueGiveFromISR
    main.o(.ARM.exidx.text.ADC0SS3_Handler) refers to main.o(.text.ADC0SS3_Handler) for [Anonymous Symbol]
    main.o(.text.LCD_TASK) refers to main.o(.bss.xLCDQueue) for xLCDQueue
    main.o(.text.LCD_TASK) refers to queue.o(.text.xQueueReceive) for xQueueReceive
    main.o(.text.LCD_TASK) refers to lcd.o(.text.LCD_line) for LCD_line
    main.o(.text.LCD_TASK) refers to main.o(.rodata.str1.1) for .L.str.5
    main.o(.text.LCD_TASK) refers to lcd.o(.text.LCD_display) for LCD_display
    main.o(.ARM.exidx.text.LCD_TASK) refers to main.o(.text.LCD_TASK) for [Anonymous Symbol]
    main.o(.text.Buzzer) refers to main.o(.bss.xBuzzerQueue) for xBuzzerQueue
    main.o(.text.Buzzer) refers to queue.o(.text.xQueueReceive) for xQueueReceive
    main.o(.ARM.exidx.text.Buzzer) refers to main.o(.text.Buzzer) for [Anonymous Symbol]
    main.o(.text.main) refers to uart.o(.text.LEDS_Init) for LEDS_Init
    main.o(.text.main) refers to uart.o(.text.UART_Init) for UART_Init
    main.o(.text.main) refers to adc.o(.text.LM35_Init) for LM35_Init
    main.o(.text.main) refers to lcd.o(.text.LCD_start) for LCD_start
    main.o(.text.main) refers to lcd.o(.text.LCD_clear) for LCD_clear
    main.o(.text.main) refers to queue.o(.text.xQueueGenericCreate) for xQueueGenericCreate
[...]
    ../clib/angel/handlers.s                 0x00000000   Number         0  __scatter_zi.o ABSOLUTE
    ../clib/angel/kernel.s                   0x00000000   Number         0  __rtentry.o ABSOLUTE
    ../clib/angel/kernel.s                   0x00000000   Number         0  __rtentry2.o ABSOLUTE
    ../clib/angel/kernel.s                   0x00000000   Number         0  __rtentry4.o ABSOLUTE
    ../clib/angel/kernel.s                   0x00000000   Number         0  rtexit.o ABSOLUTE
    ../clib/angel/kernel.s                   0x00000000   Number         0  rtexit2.o ABSOLUTE
    ../clib/angel/rt.s                       0x00000000   Number         0  rt_raise.o ABSOLUTE
    ../clib/angel/scatter.s                  0x00000000   Number         0  __scatter.o ABSOLUTE
    ../clib/angel/startup.s                  0x00000000   Number         0  __main.o ABSOLUTE
    ../clib/angel/sys.s                      0x00000000   Number         0  sys_stackheap_outer.o ABSOLUTE
    ../clib/angel/sys.s                      0x00000000   Number         0  libspace.o ABSOLUTE
    ../clib/angel/sys.s                      0x00000000   Number         0  use_no_semi.o ABSOLUTE
    ../clib/angel/sys.s                      0x00000000   Number         0  indicate_semi.o ABSOLUTE
    ../clib/angel/sysapp.c                   0x00000000   Number         0  sys_exit.o ABSOLUTE
    ../clib/angel/sysapp.c                   0x00000000   Number         0  sys_exit_hlt.o ABSOLUTE
    ../clib/angel/sysapp.c                   0x00000000   Number         0  sys_command.o ABSOLUTE
    ../clib/angel/sysapp.c                   0x00000000   Number         0  sys_command_hlt.o ABSOLUTE
    ../clib/angel/sysapp.c                   0x00000000   Number         0  sys_wrch.o ABSOLUTE
    ../clib/angel/sysapp.c                   0x00000000   Number         0  sys_wrch_hlt.o ABSOLUTE
    ../clib/armsys.c                         0x00000000   Number         0  argv_veneer.o ABSOLUTE
    ../clib/armsys.c                         0x00000000   Number         0  argv_veneer.o ABSOLUTE
    ../clib/armsys.c                         0x00000000   Number         0  _get_argv_nomalloc.o ABSOLUTE
    ../clib/armsys.c                         0x00000000   Number         0  no_argv.o ABSOLUTE
    ../clib/heapalloc.c                      0x00000000   Number         0  hrguard.o ABSOLUTE
    ../clib/heapaux.c                        0x00000000   Number         0  heapauxi.o ABSOLUTE
    ../clib/libinit.s                        0x00000000   Number         0  libinit.o ABSOLUTE
    ../clib/libinit.s                        0x00000000   Number         0  libinit2.o ABSOLUTE
    ../clib/libinit.s                        0x00000000   Number         0  libshutdown.o ABSOLUTE
    ../clib/libinit.s                        0x00000000   Number         0  libshutdown2.o ABSOLUTE
    ../clib/memcpset.s                       0x00000000   Number         0  rt_memcpy_v6.o ABSOLUTE
    ../clib/memcpset.s                       0x00000000   Number         0  aeabi_memset4.o ABSOLUTE
    ../clib/memcpset.s                       0x00000000   Number         0  rt_memcpy_w.o ABSOLUTE
    ../clib/memcpset.s                       0x00000000   Number         0  rt_memclr_w.o ABSOLUTE
    ../clib/signal.c                         0x00000000   Number         0  defsig_rtmem_outer.o ABSOLUTE
    ../clib/signal.c                         0x00000000   Number         0  defsig_rtmem_formal.o ABSOLUTE
    ../clib/signal.c                         0x00000000   Number         0  defsig_exit.o ABSOLUTE
    ../clib/signal.c                         0x00000000   Number         0  defsig_rtmem_inner.o ABSOLUTE
    ../clib/signal.c                         0x00000000   Number         0  __raise.o ABSOLUTE
    ../clib/signal.c                         0x00000000   Number         0  defsig_general.o ABSOLUTE
    ../clib/signal.c                         0x00000000   Number         0  defsig_abrt_inner.o ABSOLUTE
    ../clib/signal.c                         0x00000000   Number         0  defsig_fpe_inner.o ABSOLUTE
    ../clib/signal.c                         0x00000000   Number         0  defsig_rtred_inner.o ABSOLUTE
    ../clib/signal.c                         0x00000000   Number         0  defsig_stak_inner.o ABSOLUTE
    ../clib/signal.c                         0x00000000   Number         0  defsig_pvfn_inner.o ABSOLUTE
    ../clib/signal.c                         0x00000000   Number         0  defsig_cppl_inner.o ABSOLUTE
    ../clib/signal.c                         0x00000000   Number         0  defsig_segv_inner.o ABSOLUTE
    ../clib/signal.c                         0x00000000   Number         0  defsig_other.o ABSOLUTE
    ../clib/signal.s                         0x00000000   Number         0  defsig.o ABSOLUTE
    ../clib/stdlib.c                         0x00000000   Number         0  exit.o ABSOLUTE
    ../clib/string.c                         0x00000000   Number         0  strlen.o ABSOLUTE
    ../fplib/fpinit.s                        0x00000000   Number         0  fpinit.o ABSOLUTE
    ADC.c                                    0x00000000   Number         0  adc.o ABSOLUTE
    LCD.c                                    0x00000000   Number         0  lcd.o ABSOLUTE
    RTE/Device/TM4C123GH6PM/startup_TM4C123.s 0x00000000   Number         0  startup_tm4c123.o ABSOLUTE
    UART.c                                   0x00000000   Number         0  uart.o ABSOLUTE
    dc.s                                     0x00000000   Number         0  dc.o ABSOLUTE
    freertos_evr.c                           0x00000000   Number         0  freertos_evr.o ABSOLUTE
    heap_4.c                                 0x00000000   Number         0  heap_4.o ABSOLUTE
    list.c                                   0x00000000   Number         0  list.o ABSOLUTE
    main.c                                   0x00000000   Number         0  main.o ABSOLUTE
    port.c                                   0x00000000   Number         0  port.o ABSOLUTE
    queue.c                                  0x00000000   Number         0  queue.o ABSOLUTE
    system_TM4C123.c                         0x00000000   Number         0  system_tm4c123.o ABSOLUTE
    tasks.c                                  0x00000000   Number         0  tasks.o ABSOLUTE
    RESET                                    0x00000000   Section      620  startup_tm4c123.o(RESET)
    !!!main                                  0x0000026c   Section        8  __main.o(!!!main)
    !!!scatter                               0x00000274   Section       52  __scatter.o(!!!scatter)
    !!handler_copy                           0x000002a8   Section       26  __scatter_copy.o(!!handler_copy)
    !!handler_zi                             0x000002c4   Section       28  __scatter_zi.o(!!handler_zi)
    .ARM.Collect$$libinit$$00000000          0x000002e0   Section        2  libinit.o(.ARM.Collect$$libinit$$00000000)
    .ARM.Collect$$libinit$$00000001          0x000002e2   Section        4  libinit2.o(.ARM.Collect$$libinit$$00000001)
    .ARM.Collect$$libinit$$00000004          0x000002e6   Section        0  libinit2.o(.ARM.Collect$$libinit$$00000004)
    .ARM.Collect$$libinit$$0000000A          0x000002e6   Section        0  libinit2.o(.ARM.Collect$$libinit$$0000000A)
    .ARM.Collect$$libinit$$0000000C          0x000002e6   Section        0  libinit2.o(.ARM.Collect$$libinit$$0000000C)
    .ARM.Collect$$libinit$$0000000E          0x000002e6   Section        0  libinit2.o(.ARM.Collect$$libinit$$0000000E)
    .ARM.Collect$$libinit$$00000011          0x000002e6   Section        0  libinit2.o(.ARM.Collect$$libinit$$00000011)
    .ARM.Collect$$libinit$$00000013          0x000002e6   Section        0  libinit2.o(.ARM.Collect$$libinit$$00000013)
    .ARM.Collect$$libinit$$00000015          0x000002e6   Section        0  libinit2.o(.ARM.Collect$$libinit$$00000015)
    .ARM.Collect$$libinit$$00000017          0x000002e6   Section        0  libinit2.o(.ARM.Collect$$libinit$$00000017)
    .ARM.Collect$$libinit$$00000019          0x000002e6   Section        0  libinit2.o(.ARM.Collect$$libinit$$00000019)
    .ARM.Collect$$libinit$$0000001B          0x000002e6   Section        0  libinit2.o(.ARM.Collect$$libinit$$0000001B)
    .ARM.Collect$$libinit$$0000001D          0x000002e6   Section        0  libinit2.o(.ARM.Collect$$libinit$$0000001D)
    .ARM.Collect$$libinit$$0000001F          0x000002e6   Section        0  libinit2.o(.ARM.Collect$$libinit$$0000001F)
    .ARM.Collect$$libinit$$00000021          0x000002e6   Section        0  libinit2.o(.ARM.Collect$$libinit$$00000021)
    .ARM.Collect$$libinit$$00000023          0x000002e6   Section        0  libinit2.o(.ARM.Collect$$libinit$$00000023)
    .ARM.Collect$$libinit$$00000025          0x000002e6   Section        0  libinit2.o(.ARM.Collect$$libinit$$00000025)
    .ARM.Collect$$libinit$$0000002C          0x000002e6   Section        0  libinit2.o(.ARM.Collect$$libinit$$0000002C)
    .ARM.Collect$$libinit$$0000002E          0x000002e6   Section        0  libinit2.o(.ARM.Collect$$libinit$$0000002E)
    .ARM.Collect$$libinit$$00000030          0x000002e6   Section        0  libinit2.o(.ARM.Collect$$libinit$$00000030)
    .ARM.Collect$$libinit$$00000032          0x000002e6   Section        0  libinit2.o(.ARM.Collect$$libinit$$00000032)
    .ARM.Collect$$libinit$$00000033          0x000002e6   Section        2  libinit2.o(.ARM.Collect$$libinit$$00000033)
    .ARM.Collect$$libshutdown$$00000000      0x000002e8   Section        2  libshutdown.o(.ARM.Collect$$libshutdown$$00000000)
    .ARM.Collect$$libshutdown$$00000002      0x000002ea   Section        0  libshutdown2.o(.ARM.Collect$$libshutdown$$00000002)
    .ARM.Collect$$libshutdown$$00000004      0x000002ea   Section        0  libshutdown2.o(.ARM.Collect$$libshutdown$$00000004)
    .ARM.Collect$$libshutdown$$00000007      0x000002ea   Section        0  libshutdown2.o(.ARM.Collect$$libshutdown$$00000007)
    .ARM.Collect$$libshutdown$$0000000A      0x000002ea   Section        0  libshutdown2.o(.ARM.Collect$$libshutdown$$0000000A)
    .ARM.Collect$$libshutdown$$0000000C      0x000002ea   Section        0  libshutdown2.o(.ARM.Collect$$libshutdown$$0000000C)
    .ARM.Collect$$libshutdown$$0000000F      0x000002ea   Section        0  libshutdown2.o(.ARM.Collect$$libshutdown$$0000000F)
    .ARM.Collect$$libshutdown$$00000010      0x000002ea   Section        2  libshutdown2.o(.ARM.Collect$$libshutdown$$00000010)
    .ARM.Collect$$rtentry$$00000000          0x000002ec   Section        0  __rtentry.o(.ARM.Collect$$rtentry$$00000000)
    .ARM.Collect$$rtentry$$00000002          0x000002ec   Section        0  __rtentry2.o(.ARM.Collect$$rtentry$$00000002)
    .ARM.Collect$$rtentry$$00000004          0x000002ec   Section        6  __rtentry4.o(.ARM.Collect$$rtentry$$00000004)
    .ARM.Collect$$rtentry$$00000009          0x000002f2   Section        0  __rtentry2.o(.ARM.Collect$$rtentry$$00000009)
    .ARM.Collect$$rtentry$$0000000A          0x000002f2   Section        4  __rtentry2.o(.ARM.Collect$$rtentry$$0000000A)
    .ARM.Collect$$rtentry$$0000000C          0x000002f6   Section        0  __rtentry2.o(.ARM.Collect$$rtentry$$0000000C)
    .ARM.Collect$$rtentry$$0000000D          0x000002f6   Section        8  __rtentry2.o(.ARM.Collect$$rtentry$$0000000D)
    .ARM.Collect$$rtexit$$00000000           0x000002fe   Section        2  rtexit.o(.ARM.Collect$$rtexit$$00000000)
    .ARM.Collect$$rtexit$$00000002           0x00000300   Section        0  rtexit2.o(.ARM.Collect$$rtexit$$00000002)
    .ARM.Collect$$rtexit$$00000003           0x00000300   Section        4  rtexit2.o(.ARM.Collect$$rtexit$$00000003)
    .ARM.Collect$$rtexit$$00000004           0x00000304   Section        6  rtexit2.o(.ARM.Collect$$rtexit$$00000004)
    $v0                                      0x0000030c   Number         0  startup_tm4c123.o(.text)
    .text                                    0x0000030c   Section      276  startup_tm4c123.o(.text)
    .text                                    0x00000420   Section        0  strlen.o(.text)
    .text                                    0x0000045e   Section      138  rt_memcpy_v6.o(.text)
    .text                                    0x000004e8   Section       16  aeabi_memset4.o(.text)
    .text                                    0x000004f8   Section        0  heapauxi.o(.text)
    .text                                    0x000004fe   Section      100  rt_memcpy_w.o(.text)
    .text                                    0x00000562   Section       78  rt_memclr_w.o(.text)
    .text                                    0x000005b0   Section       74  sys_stackheap_outer.o(.text)
    .text                                    0x000005fa   Section        0  exit.o(.text)
    .text                                    0x0000060c   Section        8  libspace.o(.text)
    .text                                    0x00000614   Section        0  sys_exit.o(.text)
    .text                                    0x00000620   Section        2  use_no_semi.o(.text)
    .text                                    0x00000622   Section        0  indicate_semi.o(.text)
    [Anonymous Symbol]                       0x00000624   Section        0  main.o(.text.ADC0SS3_Handler)
    [Anonymous Symbol]                       0x00000670   Section        0  main.o(.text.ADC_Read_Task)
    [Anonymous Symbol]                       0x000007a0   Section        0  main.o(.text.Buzzer)
    [Anonymous Symbol]                       0x000007fc   Section        0  main.o(.text.LCD_TASK)
    [Anonymous Symbol]                       0x0000084c   Section        0  lcd.o(.text.LCD_clear)
    [Anonymous Symbol]                       0x00000858   Section        0  lcd.o(.text.LCD_command)
    [Anonymous Symbol]                       0x000008ac   Section        0  lcd.o(.text.LCD_data)
    [Anonymous Symbol]                       0x000008ec   Section        0  lcd.o(.text.LCD_display)
    [Anonymous Symbol]                       0x00000924   Section        0  lcd.o(.text.LCD_line)
    [Anonymous Symbol]                       0x00000958   Section        0  lcd.o(.text.LCD_start)
    [Anonymous Symbol]                       0x000009f4   Section        0  uart.o(.text.LEDS_Init)
    [Anonymous Symbol]                       0x00000a5c   Section        0  adc.o(.text.LM35_Init)
    [Anonymous Symbol]                       0x00000b80   Section        0  adc.o(.text.LM35_Value)
    [Anonymous Symbol]                       0x00000ba0   Section        0  port.o(.text.PendSV_Handler)
    pxCurrentTCBConst                        0x00000c00   Number         0  port.o(.text.PendSV_Handler)
    [Anonymous Symbol]                       0x00000c10   Section        0  port.o(.text.SVC_Handler)
    pxCurrentTCBConst2                       0x00000c30   Number         0  port.o(.text.SVC_Handler)
    [Anonymous Symbol]                       0x00000c34   Section        0  port.o(.text.SysTick_Handler)
    [Anonymous Symbol]                       0x00000c70   Section        0  system_tm4c123.o(.text.SystemInit)
    [Anonymous Symbol]                       0x00000c84   Section        0  uart.o(.text.UART_Init)
    [Anonymous Symbol]                       0x00000d18   Section        0  main.o(.text.UART_TASK)
    [Anonymous Symbol]                       0x00000e04   Section        0  lcd.o(.text.delayMs)
    [Anonymous Symbol]                       0x00000e28   Section        0  lcd.o(.text.delayUs)
    [Anonymous Symbol]                       0x00000e48   Section        0  tasks.o(.text.eTaskConfirmSleepModeStatus)
    [Anonymous Symbol]                       0x00000ec8   Section        0  main.o(.text.main)
    [Anonymous Symbol]                       0x00000ff0   Section        0  uart.o(.text.print)
    [Anonymous Symbol]                       0x00001014   Section        0  uart.o(.text.printchar)
    prvAddCurrentTaskToDelayedList           0x00001045   Thumb Code   290  tasks.o(.text.prvAddCurrentTaskToDelayedList)
    [Anonymous Symbol]                       0x00001044   Section        0  tasks.o(.text.prvAddCurrentTaskToDelayedList)
    prvAddNewTaskToReadyList                 0x00001169   Thumb Code   340  tasks.o(.text.prvAddNewTaskToReadyList)
    [Anonymous Symbol]                       0x00001168   Section        0  tasks.o(.text.prvAddNewTaskToReadyList)
    prvCheckTasksWaitingTermination          0x000012bd   Thumb Code    90  tasks.o(.text.prvCheckTasksWaitingTermination)
    [Anonymous Symbol]                       0x000012bc   Section        0  tasks.o(.text.prvCheckTasksWaitingTermination)
    prvCopyDataFromQueue                     0x00001319   Thumb Code    66  queue.o(.text.prvCopyDataFromQueue)
    [Anonymous Symbol]                       0x00001318   Section        0  queue.o(.text.prvCopyDataFromQueue)
    prvCopyDataToQueue                       0x0000135d   Thumb Code   204  queue.o(.text.prvCopyDataToQueue)
    [Anonymous Symbol]                       0x0000135c   Section        0  queue.o(.text.prvCopyDataToQueue)
    prvDeleteTCB                             0x00001429   Thumb Code    24  tasks.o(.text.prvDeleteTCB)
    [Anonymous Symbol]                       0x00001428   Section        0  tasks.o(.text.prvDeleteTCB)
    prvGetDisinheritPriorityAfterTimeout     0x00001441   Thumb Code    38  queue.o(.text.prvGetDisinheritPriorityAfterTimeout)
    [Anonymous Symbol]                       0x00001440   Section        0  queue.o(.text.prvGetDisinheritPriorityAfterTimeout)
    prvGetExpectedIdleTime                   0x00001469   Thumb Code   124  tasks.o(.text.prvGetExpectedIdleTime)
    [Anonymous Symbol]                       0x00001468   Section        0  tasks.o(.text.prvGetExpectedIdleTime)
    prvHeapInit                              0x000014e5   Thumb Code   188  heap_4.o(.text.prvHeapInit)
    [Anonymous Symbol]                       0x000014e4   Section        0  heap_4.o(.text.prvHeapInit)
    prvIdleTask                              0x000015a1   Thumb Code   154  tasks.o(.text.prvIdleTask)
    [Anonymous Symbol]                       0x000015a0   Section        0  tasks.o(.text.prvIdleTask)
    prvInitialiseNewQueue                    0x0000163d   Thumb Code    78  queue.o(.text.prvInitialiseNewQueue)
    [Anonymous Symbol]                       0x0000163c   Section        0  queue.o(.text.prvInitialiseNewQueue)
    prvInitialiseNewTask                     0x0000168d   Thumb Code   326  tasks.o(.text.prvInitialiseNewTask)
    [Anonymous Symbol]                       0x0000168c   Section        0  tasks.o(.text.prvInitialiseNewTask)
    prvInitialiseTaskLists                   0x000017d5   Thumb Code   142  tasks.o(.text.prvInitialiseTaskLists)
    [Anonymous Symbol]                       0x000017d4   Section        0  tasks.o(.text.prvInitialiseTaskLists)
    prvInsertBlockIntoFreeList               0x00001865   Thumb Code   198  heap_4.o(.text.prvInsertBlockIntoFreeList)
    [Anonymous Symbol]                       0x00001864   Section        0  heap_4.o(.text.prvInsertBlockIntoFreeList)
    prvIsQueueEmpty                          0x0000192d   Thumb Code    40  queue.o(.text.prvIsQueueEmpty)
    [Anonymous Symbol]                       0x0000192c   Section        0  queue.o(.text.prvIsQueueEmpty)
    prvIsQueueFull                           0x00001955   Thumb Code    46  queue.o(.text.prvIsQueueFull)
    [Anonymous Symbol]                       0x00001954   Section        0  queue.o(.text.prvIsQueueFull)
    prvNotifyQueueSetContainer               0x00001985   Thumb Code   216  queue.o(.text.prvNotifyQueueSetContainer)
    [Anonymous Symbol]                       0x00001984   Section        0  queue.o(.text.prvNotifyQueueSetContainer)
    prvPortStartFirstTask                    0x00001a5d   Thumb Code    40  port.o(.text.prvPortStartFirstTask)
    [Anonymous Symbol]                       0x00001a5c   Section        0  port.o(.text.prvPortStartFirstTask)
    prvResetNextTaskUnblockTime              0x00001a85   Thumb Code    60  tasks.o(.text.prvResetNextTaskUnblockTime)
    [Anonymous Symbol]                       0x00001a84   Section        0  tasks.o(.text.prvResetNextTaskUnblockTime)
    prvTaskExitError                         0x00001ac1   Thumb Code    76  port.o(.text.prvTaskExitError)
    [Anonymous Symbol]                       0x00001ac0   Section        0  port.o(.text.prvTaskExitError)
    prvUnlockQueue                           0x00001b0d   Thumb Code   204  queue.o(.text.prvUnlockQueue)
    [Anonymous Symbol]                       0x00001b0c   Section        0  queue.o(.text.prvUnlockQueue)
    [Anonymous Symbol]                       0x00001bd8   Section        0  heap_4.o(.text.pvPortMalloc)
    [Anonymous Symbol]                       0x00001dec   Section        0  tasks.o(.text.pvTaskIncrementMutexHeldCount)
    [Anonymous Symbol]                       0x00001e18   Section        0  port.o(.text.pxPortInitialiseStack)
    [Anonymous Symbol]                       0x00001e78   Section        0  uart.o(.text.toString)
    [Anonymous Symbol]                       0x00001f24   Section        0  list.o(.text.uxListRemove)
    [Anonymous Symbol]                       0x00001f6c   Section        0  list.o(.text.vListInitialise)
    [Anonymous Symbol]                       0x00001f9c   Section        0  list.o(.text.vListInitialiseItem)
    [Anonymous Symbol]                       0x00001fac   Section        0  list.o(.text.vListInsert)
    vPortEnableVFP                           0x00002019   Thumb Code    20  port.o(.text.vPortEnableVFP)
    [Anonymous Symbol]                       0x00002018   Section        0  port.o(.text.vPortEnableVFP)
    [Anonymous Symbol]                       0x0000202c   Section        0  port.o(.text.vPortEnterCritical)
    [Anonymous Symbol]                       0x00002084   Section        0  port.o(.text.vPortExitCritical)
    [Anonymous Symbol]                       0x000020d0   Section        0  heap_4.o(.text.vPortFree)
    [Anonymous Symbol]                       0x000021a0   Section        0  port.o(.text.vPortSetupTimerInterrupt)
    [Anonymous Symbol]                       0x00002218   Section        0  port.o(.text.vPortSuppressTicksAndSleep)
    [Anonymous Symbol]                       0x00002424   Section        0  port.o(.text.vPortValidateInterruptPriority)
    [Anonymous Symbol]                       0x000024a8   Section        0  tasks.o(.text.vTaskInternalSetTimeOutState)
    [Anonymous Symbol]                       0x000024cc   Section        0  tasks.o(.text.vTaskMissedYield)
    [Anonymous Symbol]                       0x000024dc   Section        0  tasks.o(.text.vTaskPlaceOnEventList)
    [Anonymous Symbol]                       0x00002520   Section        0  tasks.o(.text.vTaskPriorityDisinheritAfterTimeout)
    [Anonymous Symbol]                       0x000026a4   Section        0  tasks.o(.text.vTaskStartScheduler)
    [Anonymous Symbol]                       0x00002750   Section        0  tasks.o(.text.vTaskStepTick)
    [Anonymous Symbol]                       0x0000279c   Section        0  tasks.o(.text.vTaskSuspendAll)
    __tagsym$$used.0                         0x000027ac   Number         0  tasks.o(.text.vTaskSwitchContext)
    [Anonymous Symbol]                       0x000027ac   Section        0  tasks.o(.text.vTaskSwitchContext)
    [Anonymous Symbol]                       0x0000286c   Section        0  port.o(.text.xPortStartScheduler)
    [Anonymous Symbol]                       0x000029c4   Section        0  queue.o(.text.xQueueGenericCreate)
    [Anonymous Symbol]                       0x00002a60   Section        0  queue.o(.text.xQueueGenericReset)
    [Anonymous Symbol]                       0x00002b68   Section        0  queue.o(.text.xQueueGenericSend)
    [Anonymous Symbol]                       0x00002ddc   Section        0  queue.o(.text.xQueueGiveFromISR)
    [Anonymous Symbol]                       0x00002f4c   Section        0  queue.o(.text.xQueueReceive)
    [Anonymous Symbol]                       0x00003128   Section        0  queue.o(.text.xQueueSemaphoreTake)
    [Anonymous Symbol]                       0x00003354   Section        0  tasks.o(.text.xTaskCheckForTimeOut)
    [Anonymous Symbol]                       0x00003450   Section        0  tasks.o(.text.xTaskCreate)
    [Anonymous Symbol]                       0x000034e8   Section        0  tasks.o(.text.xTaskGetSchedulerState)
    [Anonymous Symbol]                       0x00003520   Section        0  tasks.o(.text.xTaskIncrementTick)
    [Anonymous Symbol]                       0x00003780   Section        0  tasks.o(.text.xTaskPriorityDisinherit)
    [Anonymous Symbol]                       0x000038b8   Section        0  tasks.o(.text.xTaskPriorityInherit)
    [Anonymous Symbol]                       0x00003a14   Section        0  tasks.o(.text.xTaskRemoveFromEventList)
    [Anonymous Symbol]                       0x00003ba8   Section        0  tasks.o(.text.xTaskResumeAll)
    $v0                                      0x00003dca   Number         0  fpinit.o(x$fpl$fpinit)
    x$fpl$fpinit                             0x00003dca   Section       26  fpinit.o(x$fpl$fpinit)
    .L.str.2                                 0x00003de4   Data          21  main.o(.rodata.str1.1)
    [Anonymous Symbol]                       0x00003de4   Section        0  main.o(.rodata.str1.1)
    .L.str                                   0x00003df9   Data          42  main.o(.rodata.str1.1)
    .L.str.5                                 0x00003e23   Data          10  main.o(.rodata.str1.1)
    .L.str.4                                 0x00003e2d   Data          12  main.o(.rodata.str1.1)
    .L.str.6                                 0x00003e2e   Data          11  main.o(.rodata.str1.1)
    .L.str.1                                 0x00003e39   Data          34  main.o(.rodata.str1.1)
    .L.str.8                                 0x00003e5b   Data           9  main.o(.rodata.str1.1)
    .L.str.10                                0x00003e64   Data          10  main.o(.rodata.str1.1)
    .L.str.9                                 0x00003e6e   Data          12  main.o(.rodata.str1.1)
    .L.str.7                                 0x00003e7a   Data          14  main.o(.rodata.str1.1)
    .L.str.3                                 0x00003e88   Data          16  main.o(.rodata.str1.1)
    .L.str                                   0x00003e98   Data           5  tasks.o(.rodata.str1.1)
    [Anonymous Symbol]                       0x00003e98   Section        0  tasks.o(.rodata.str1.1)
    uxCriticalNesting                        0x20000008   Data           4  port.o(.data.uxCriticalNesting)
    [Anonymous Symbol]                       0x20000008   Section        0  port.o(.data.uxCriticalNesting)
    .bss                                     0x20000010   Section       96  libspace.o(.bss)
    pxDelayedTaskList                        0x20000074   Data           4  tasks.o(.bss.pxDelayedTaskList)
    [Anonymous Symbol]                       0x20000074   Section        0  tasks.o(.bss.pxDelayedTaskList)
    pxEnd                                    0x20000078   Data           4  heap_4.o(.bss.pxEnd)
    [Anonymous Symbol]                       0x20000078   Section        0  heap_4.o(.bss.pxEnd)
    pxOverflowDelayedTaskList                0x2000007c   Data           4  tasks.o(.bss.pxOverflowDelayedTaskList)
    [Anonymous Symbol]                       0x2000007c   Section        0  tasks.o(.bss.pxOverflowDelayedTaskList)
    pxReadyTasksLists                        0x20000080   Data         100  tasks.o(.bss.pxReadyTasksLists)
    [Anonymous Symbol]                       0x20000080   Section        0  tasks.o(.bss.pxReadyTasksLists)
    ucHeap                                   0x200000e4   Data        4096  heap_4.o(.bss.ucHeap)
    [Anonymous Symbol]                       0x200000e4   Section        0  heap_4.o(.bss.ucHeap)
    ucMaxSysCallPriority                     0x200010e4   Data           1  port.o(.bss.ucMaxSysCallPriority)
    [Anonymous Symbol]                       0x200010e4   Section        0  port.o(.bss.ucMaxSysCallPriority)
    ulMaxPRIGROUPValue                       0x200010e8   Data           4  port.o(.bss.ulMaxPRIGROUPValue)
    [Anonymous Symbol]                       0x200010e8   Section        0  port.o(.bss.ulMaxPRIGROUPValue)
    ulStoppedTimerCompensation               0x200010ec   Data           4  port.o(.bss.ulStoppedTimerCompensation)
    [Anonymous Symbol]                       0x200010ec   Section        0  port.o(.bss.ulStoppedTimerCompensation)
    ulTimerCountsForOneTick                  0x200010f0   Data           4  port.o(.bss.ulTimerCountsForOneTick)
    [Anonymous Symbol]                       0x200010f0   Section        0  port.o(.bss.ulTimerCountsForOneTick)
    uxCurrentNumberOfTasks                   0x200010f4   Data           4  tasks.o(.bss.uxCurrentNumberOfTasks)
    [Anonymous Symbol]                       0x200010f4   Section        0  tasks.o(.bss.uxCurrentNumberOfTasks)
    uxDeletedTasksWaitingCleanUp             0x200010f8   Data           4  tasks.o(.bss.uxDeletedTasksWaitingCleanUp)
    [Anonymous Symbol]                       0x200010f8   Section        0  tasks.o(.bss.uxDeletedTasksWaitingCleanUp)
    uxSchedulerSuspended                     0x200010fc   Data           4  tasks.o(.bss.uxSchedulerSuspended)
    [Anonymous Symbol]                       0x200010fc   Section        0  tasks.o(.bss.uxSchedulerSuspended)
    uxTaskNumber                             0x20001100   Data           4  tasks.o(.bss.uxTaskNumber)
    [Anonymous Symbol]                       0x20001100   Section        0  tasks.o(.bss.uxTaskNumber)
    uxTopReadyPriority                       0x20001104   Data           4  tasks.o(.bss.uxTopReadyPriority)
    [Anonymous Symbol]                       0x20001104   Section        0  tasks.o(.bss.uxTopReadyPriority)
    xBlockAllocatedBit                       0x20001108   Data           4  heap_4.o(.bss.xBlockAllocatedBit)
    [Anonymous Symbol]                       0x20001108   Section        0  heap_4.o(.bss.xBlockAllocatedBit)
    xDelayedTaskList1                        0x20001110   Data          20  tasks.o(.bss.xDelayedTaskList1)
    [Anonymous Symbol]                       0x20001110   Section        0  tasks.o(.bss.xDelayedTaskList1)
    xDelayedTaskList2                        0x20001124   Data          20  tasks.o(.bss.xDelayedTaskList2)
    [Anonymous Symbol]                       0x20001124   Section        0  tasks.o(.bss.xDelayedTaskList2)
    xFreeBytesRemaining                      0x20001138   Data           4  heap_4.o(.bss.xFreeBytesRemaining)
    [Anonymous Symbol]                       0x20001138   Section        0  heap_4.o(.bss.xFreeBytesRemaining)
    xIdleTaskHandle                          0x2000113c   Data           4  tasks.o(.bss.xIdleTaskHandle)
    [Anonymous Symbol]                       0x2000113c   Section        0  tasks.o(.bss.xIdleTaskHandle)
    xMaximumPossibleSuppressedTicks          0x20001144   Data           4  port.o(.bss.xMaximumPossibleSuppressedTicks)
    [Anonymous Symbol]                       0x20001144   Section        0  port.o(.bss.xMaximumPossibleSuppressedTicks)
    xMinimumEverFreeBytesRemaining           0x20001148   Data           4  heap_4.o(.bss.xMinimumEverFreeBytesRemaining)
    [Anonymous Symbol]                       0x20001148   Section        0  heap_4.o(.bss.xMinimumEverFreeBytesRemaining)
    xNextTaskUnblockTime                     0x2000114c   Data           4  tasks.o(.bss.xNextTaskUnblockTime)
    [Anonymous Symbol]                       0x2000114c   Section        0  tasks.o(.bss.xNextTaskUnblockTime)
    xNumOfOverflows                          0x20001150   Data           4  tasks.o(.bss.xNumOfOverflows)
    [Anonymous Symbol]                       0x20001150   Section        0  tasks.o(.bss.xNumOfOverflows)
    xNumberOfSuccessfulAllocations           0x20001154   Data           4  heap_4.o(.bss.xNumberOfSuccessfulAllocations)
    [Anonymous Symbol]                       0x20001154   Section        0  heap_4.o(.bss.xNumberOfSuccessfulAllocations)
    xNumberOfSuccessfulFrees                 0x20001158   Data           4  heap_4.o(.bss.xNumberOfSuccessfulFrees)
    [Anonymous Symbol]                       0x20001158   Section        0  heap_4.o(.bss.xNumberOfSuccessfulFrees)
    xPendedTicks                             0x2000115c   Data           4  tasks.o(.bss.xPendedTicks)
    [Anonymous Symbol]                       0x2000115c   Section        0  tasks.o(.bss.xPendedTicks)
    xPendingReadyList                        0x20001160   Data          20  tasks.o(.bss.xPendingReadyList)
    [Anonymous Symbol]                       0x20001160   Section        0  tasks.o(.bss.xPendingReadyList)
    xSchedulerRunning                        0x20001174   Data           4  tasks.o(.bss.xSchedulerRunning)
    [Anonymous Symbol]                       0x20001174   Section        0  tasks.o(.bss.xSchedulerRunning)
    xStart                                   0x2000117c   Data           8  heap_4.o(.bss.xStart)
    [Anonymous Symbol]                       0x2000117c   Section        0  heap_4.o(.bss.xStart)
    xSuspendedTaskList                       0x20001184   Data          20  tasks.o(.bss.xSuspendedTaskList)
    [Anonymous Symbol]                       0x20001184   Section        0  tasks.o(.bss.xSuspendedTaskList)
    xTasksWaitingTermination                 0x20001198   Data          20  tasks.o(.bss.xTasksWaitingTermination)
    [Anonymous Symbol]                       0x20001198   Section        0  tasks.o(.bss.xTasksWaitingTermination)
    xTickCount                               0x200011ac   Data           4  tasks.o(.bss.xTickCount)
    [Anonymous Symbol]                       0x200011ac   Section        0  tasks.o(.bss.xTickCount)
    xYieldPending                            0x200011b4   Data           4  tasks.o(.bss.xYieldPending)
    [Anonymous Symbol]                       0x200011b4   Section        0  tasks.o(.bss.xYieldPending)
    Heap_Mem                                 0x200011b8   Data           0  startup_tm4c123.o(HEAP)
    Stack_Mem                                0x200011b8   Data         512  startup_tm4c123.o(STACK)
    HEAP                                     0x200011b8   Section        0  startup_tm4c123.o(HEAP)
    STACK                                    0x200011b8   Section      512  startup_tm4c123.o(STACK)
    __initial_sp                             0x200013b8   Data           0  startup_tm4c123.o(STACK)

    Global Symbols

    Symbol Name                              Value     Ov Type        Size  Object(Section)

    BuildAttributes$$THM_ISAv4$E$P$D$K$B$S$7EM$VFPi3$EXTD16$VFPS$VFMA$PE$A:L22UL41UL21$X:L11$S22US41US21$IEEE1$IW$~IW$USESV6$~STKCKD$USESV7$~SHL$OSPACE$ROPI$EBA8$UX$STANDARDLIB$REQ8$PRES8$EABIv2 0x00000000   Number         0  anon$$obj.o ABSOLUTE
    __Vectors                                0x00000000   Data           4  startup_tm4c123.o(RESET)
    __ARM_exceptions_init                     - Undefined Weak Reference
    __alloca_initialize                       - Undefined Weak Reference
    __arm_preinit_                            - Undefined Weak Reference
    __cpp_initialize__aeabi_                  - Undefined Weak Reference
    __cxa_finalize                            - Undefined Weak Reference
    __rt_locale                               - Undefined Weak Reference
    __sigvec_lookup                           - Undefined Weak Reference
    _atexit_init                              - Undefined Weak Reference
    _call_atexit_fns                          - Undefined Weak Reference
    _clock_init                               - Undefined Weak Reference
    _fp_trap_init                             - Undefined Weak Reference
    _fp_trap_shutdown                         - Undefined Weak Reference
    _get_lc_collate                           - Undefined Weak Reference
    _get_lc_ctype                             - Undefined Weak Reference
    _get_lc_monetary                          - Undefined Weak Reference
    _get_lc_numeric                           - Undefined Weak Reference
    _get_lc_time                              - Undefined Weak Reference
    _getenv_init                              - Undefined Weak Reference
    _handle_redirection                       - Undefined Weak Reference
    _init_alloc                               - Undefined Weak Reference
    _init_user_alloc                          - Undefined Weak Reference
    _initio                                   - Undefined Weak Reference
    _rand_init                                - Undefined Weak Reference
    _signal_finish                            - Undefined Weak Reference
    _signal_init                              - Undefined Weak Reference
    _terminate_alloc                          - Undefined Weak Reference
    _terminate_user_alloc                     - Undefined Weak Reference
    _terminateio                              - Undefined Weak Reference
    __Vectors_End                            0x0000026c   Data           0  startup_tm4c123.o(RESET)
    __Vectors_Size                           0x0000026c   Number         0  startup_tm4c123.o ABSOLUTE
    __main                                   0x0000026d   Thumb Code     8  __main.o(!!!main)
    __scatterload                            0x00000275   Thumb Code     0  __scatter.o(!!!scatter)
    __scatterload_rt2                        0x00000275   Thumb Code    44  __scatter.o(!!!scatter)
    __scatterload_rt2_thumb_only             0x00000275   Thumb Code     0  __scatter.o(!!!scatter)
    __scatterload_null                       0x00000283   Thumb Code     0  __scatter.o(!!!scatter)
    __scatterload_copy                       0x000002a9   Thumb Code    26  __scatter_copy.o(!!handler_copy)
    __scatterload_zeroinit                   0x000002c5   Thumb Code    28  __scatter_zi.o(!!handler_zi)
    __rt_lib_init                            0x000002e1   Thumb Code     0  libinit.o(.ARM.Collect$$libinit$$00000000)
    __rt_lib_init_fp_1                       0x000002e3   Thumb Code     0  libinit2.o(.ARM.Collect$$libinit$$00000001)
    __rt_lib_init_alloca_1                   0x000002e7   Thumb Code     0  libinit2.o(.ARM.Collect$$libinit$$0000002E)
    __rt_lib_init_argv_1                     0x000002e7   Thumb Code     0  libinit2.o(.ARM.Collect$$libinit$$0000002C)
    __rt_lib_init_atexit_1                   0x000002e7   Thumb Code     0  libinit2.o(.ARM.Collect$$libinit$$0000001B)
    __rt_lib_init_clock_1                    0x000002e7   Thumb Code     0  libinit2.o(.ARM.Collect$$libinit$$00000021)
    __rt_lib_init_cpp_1                      0x000002e7   Thumb Code     0  libinit2.o(.ARM.Collect$$libinit$$00000032)
    __rt_lib_init_exceptions_1               0x000002e7   Thumb Code     0  libinit2.o(.ARM.Collect$$libinit$$00000030)
    __rt_lib_init_fp_trap_1                  0x000002e7   Thumb Code     0  libinit2.o(.ARM.Collect$$libinit$$0000001F)
    __rt_lib_init_getenv_1                   0x000002e7   Thumb Code     0  libinit2.o(.ARM.Collect$$libinit$$00000023)
    __rt_lib_init_heap_1                     0x000002e7   Thumb Code     0  libinit2.o(.ARM.Collect$$libinit$$0000000A)
    __rt_lib_init_lc_collate_1               0x000002e7   Thumb Code     0  libinit2.o(.ARM.Collect$$libinit$$00000011)
    __rt_lib_init_lc_ctype_1                 0x000002e7   Thumb Code     0  libinit2.o(.ARM.Collect$$libinit$$00000013)
    __rt_lib_init_lc_monetary_1              0x000002e7   Thumb Code     0  libinit2.o(.ARM.Collect$$libinit$$00000015)
    __rt_lib_init_lc_numeric_1               0x000002e7   Thumb Code     0  libinit2.o(.ARM.Collect$$libinit$$00000017)
    __rt_lib_init_lc_time_1                  0x000002e7   Thumb Code     0  libinit2.o(.ARM.Collect$$libinit$$00000019)
    __rt_lib_init_preinit_1                  0x000002e7   Thumb Code     0  libinit2.o(.ARM.Collect$$libinit$$00000004)
    __rt_lib_init_rand_1                     0x000002e7   Thumb Code     0  libinit2.o(.ARM.Collect$$libinit$$0000000E)
    __rt_lib_init_return                     0x000002e7   Thumb Code     0  libinit2.o(.ARM.Collect$$libinit$$00000033)
    __rt_lib_init_signal_1                   0x000002e7   Thumb Code     0  libinit2.o(.ARM.Collect$$libinit$$0000001D)
    __rt_lib_init_stdio_1                    0x000002e7   Thumb Code     0  libinit2.o(.ARM.Collect$$libinit$$00000025)
    __rt_lib_init_user_alloc_1               0x000002e7   Thumb Code     0  libinit2.o(.ARM.Collect$$libinit$$0000000C)
    __rt_lib_shutdown                        0x000002e9   Thumb Code     0  libshutdown.o(.ARM.Collect$$libshutdown$$00000000)
    __rt_lib_shutdown_cpp_1                  0x000002eb   Thumb Code     0  libshutdown2.o(.ARM.Collect$$libshutdown$$00000002)
    __rt_lib_shutdown_fp_trap_1              0x000002eb   Thumb Code     0  libshutdown2.o(.ARM.Collect$$libshutdown$$00000007)
    __rt_lib_shutdown_heap_1                 0x000002eb   Thumb Code     0  libshutdown2.o(.ARM.Collect$$libshutdown$$0000000F)
    __rt_lib_shutdown_return                 0x000002eb   Thumb Code     0  libshutdown2.o(.ARM.Collect$$libshutdown$$00000010)
    __rt_lib_shutdown_signal_1               0x000002eb   Thumb Code     0  libshutdown2.o(.ARM.Collect$$libshutdown$$0000000A)
    __rt_lib_shutdown_stdio_1                0x000002eb   Thumb Code     0  libshutdown2.o(.ARM.Collect$$libshutdown$$00000004)
    __rt_lib_shutdown_user_alloc_1           0x000002eb   Thumb Code     0  libshutdown2.o(.ARM.Collect$$libshutdown$$0000000C)
    __rt_entry                               0x000002ed   Thumb Code     0  __rtentry.o(.ARM.Collect$$rtentry$$00000000)
    __rt_entry_presh_1                       0x000002ed   Thumb Code     0  __rtentry2.o(.ARM.Collect$$rtentry$$00000002)
    __rt_entry_sh                            0x000002ed   Thumb Code     0  __rtentry4.o(.ARM.Collect$$rtentry$$00000004)
    __rt_entry_li                            0x000002f3   Thumb Code     0  __rtentry2.o(.ARM.Collect$$rtentry$$0000000A)
    __rt_entry_postsh_1                      0x000002f3   Thumb Code     0  __rtentry2.o(.ARM.Collect$$rtentry$$00000009)
    __rt_entry_main                          0x000002f7   Thumb Code     0  __rtentry2.o(.ARM.Collect$$rtentry$$0000000D)
    __rt_entry_postli_1                      0x000002f7   Thumb Code     0  __rtentry2.o(.ARM.Collect$$rtentry$$0000000C)
    __rt_exit                                0x000002ff   Thumb Code     0  rtexit.o(.ARM.Collect$$rtexit$$00000000)
    __rt_exit_ls                             0x00000301   Thumb Code     0  rtexit2.o(.ARM.Collect$$rtexit$$00000003)
    __rt_exit_prels_1                        0x00000301   Thumb Code     0  rtexit2.o(.ARM.Collect$$rtexit$$00000002)
    __rt_exit_exit                           0x00000305   Thumb Code     0  rtexit2.o(.ARM.Collect$$rtexit$$00000004)
    Reset_Handler                            0x0000030d   Thumb Code     8  startup_tm4c123.o(.text)
    NMI_Handler                              0x00000315   Thumb Code     2  startup_tm4c123.o(.text)
    HardFault_Handler                        0x00000317   Thumb Code     2  startup_tm4c123.o(.text)
    MemManage_Handler                        0x00000319   Thumb Code     2  startup_tm4c123.o(.text)
    BusFault_Handler                         0x0000031b   Thumb Code     2  startup_tm4c123.o(.text)
    UsageFault_Handler                       0x0000031d   Thumb Code     2  startup_tm4c123.o(.text)
    DebugMon_Handler                         0x00000321   Thumb Code     2  startup_tm4c123.o(.text)
    GPIOA_Handler                            0x00000327   Thumb Code     2  startup_tm4c123.o(.text)
    GPIOB_Handler                            0x00000329   Thumb Code     2  startup_tm4c123.o(.text)
    GPIOC_Handler                            0x0000032b   Thumb Code     2  startup_tm4c123.o(.text)
    GPIOD_Handler                            0x0000032d   Thumb Code     2  startup_tm4c123.o(.text)
    GPIOE_Handler                            0x0000032f   Thumb Code     2  startup_tm4c123.o(.text)
    UART0_Handler                            0x00000331   Thumb Code     2  startup_tm4c123.o(.text)
    UART1_Handler                            0x00000333   Thumb Code     2  startup_tm4c123.o(.text)
    SSI0_Handler                             0x00000335   Thumb Code     2  startup_tm4c123.o(.text)
    I2C0_Handler                             0x00000337   Thumb Code     2  startup_tm4c123.o(.text)
    PMW0_FAULT_Handler                       0x00000339   Thumb Code     2  startup_tm4c123.o(.text)
    PWM0_0_Handler                           0x0000033b   Thumb Code     2  startup_tm4c123.o(.text)
    PWM0_1_Handler                           0x0000033d   Thumb Code     2  startup_tm4c123.o(.text)
    PWM0_2_Handler                           0x0000033f   Thumb Code     2  startup_tm4c123.o(.text)
    QEI0_Handler                             0x00000341   Thumb Code     2  startup_tm4c123.o(.text)
    ADC0SS0_Handler                          0x00000343   Thumb Code     2  startup_tm4c123.o(.text)
    ADC0SS1_Handler                          0x00000345   Thumb Code     2  startup_tm4c123.o(.text)
    ADC0SS2_Handler                          0x00000347   Thumb Code     2  startup_tm4c123.o(.text)
    WDT0_Handler                             0x0000034b   Thumb Code     2  startup_tm4c123.o(.text)
    TIMER0A_Handler                          0x0000034d   Thumb Code     2  startup_tm4c123.o(.text)
    TIMER0B_Handler                          0x0000034f   Thumb Code     2  startup_tm4c123.o(.text)
    TIMER1A_Handler                          0x00000351   Thumb Code     2  startup_tm4c123.o(.text)
    TIMER1B_Handler                          0x00000353   Thumb Code     2  startup_tm4c123.o(.text)
    TIMER2A_Handler                          0x00000355   Thumb Code     2  startup_tm4c123.o(.text)
    TIMER2B_Handler                          0x00000357   Thumb Code     2  startup_tm4c123.o(.text)
    COMP0_Handler                            0x00000359   Thumb Code     2  startup_tm4c123.o(.text)
    COMP1_Handler                            0x0000035b   Thumb Code     2  startup_tm4c123.o(.text)
    COMP2_Handler                            0x0000035d   Thumb Code     2  startup_tm4c123.o(.text)
    SYSCTL_Handler                           0x0000035f   Thumb Code     2  startup_tm4c123.o(.text)
    FLASH_Handler                            0x00000361   Thumb Code     2  startup_tm4c123.o(.text)
    GPIOF_Handler                            0x00000363   Thumb Code     2  startup_tm4c123.o(.text)
    GPIOG_Handler                            0x00000365   Thumb Code     2  startup_tm4c123.o(.text)
    GPIOH_Handler                            0x00000367   Thumb Code     2  startup_tm4c123.o(.text)
    UART2_Handler                            0x00000369   Thumb Code     2  startup_tm4c123.o(.text)
    SSI1_Handler                             0x0000036b   Thumb Code     2  startup_tm4c123.o(.text)
    TIMER3A_Handler                          0x0000036d   Thumb Code     2  startup_tm4c123.o(.text)
    TIMER3B_Handler                          0x0000036f   Thumb Code     2  startup_tm4c123.o(.text)
    I2C1_Handler                             0x00000371   Thumb Code     2  startup_tm4c123.o(.text)
    QEI1_Handler                             0x00000373   Thumb Code     2  startup_tm4c123.o(.text)
    CAN0_Handler                             0x00000375   Thumb Code     2  startup_tm4c123.o(.text)
    CAN1_Handler                             0x00000377   Thumb Code     2  startup_tm4c123.o(.text)
    CAN2_Handler                             0x00000379   Thumb Code     2  startup_tm4c123.o(.text)
    HIB_Handler                              0x0000037b   Thumb Code     2  startup_tm4c123.o(.text)
    USB0_Handler                             0x0000037d   Thumb Code     2  startup_tm4c123.o(.text)
    PWM0_3_Handler                           0x0000037f   Thumb Code     2  startup_tm4c123.o(.text)
    UDMA_Handler                             0x00000381   Thumb Code     2  startup_tm4c123.o(.text)
    UDMAERR_Handler                          0x00000383   Thumb Code     2  startup_tm4c123.o(.text)
    ADC1SS0_Handler                          0x00000385   Thumb Code     2  startup_tm4c123.o(.text)
    ADC1SS1_Handler                          0x00000387   Thumb Code     2  startup_tm4c123.o(.text)
    ADC1SS2_Handler                          0x00000389   Thumb Code     2  startup_tm4c123.o(.text)
    ADC1SS3_Handler                          0x0000038b   Thumb Code     2  startup_tm4c123.o(.text)
    GPIOJ_Handler                            0x0000038d   Thumb Code     2  startup_tm4c123.o(.text)
    GPIOK_Handler                            0x0000038f   Thumb Code     2  startup_tm4c123.o(.text)
    GPIOL_Handler                            0x00000391   Thumb Code     2  startup_tm4c123.o(.text)
    SSI2_Handler                             0x00000393   Thumb Code     2  startup_tm4c123.o(.text)
    SSI3_Handler                             0x00000395   Thumb Code     2  startup_tm4c123.o(.text)
    UART3_Handler                            0x00000397   Thumb Code     2  startup_tm4c123.o(.text)
    UART4_Handler                            0x00000399   Thumb Code     2  startup_tm4c123.o(.text)
    UART5_Handler                            0x0000039b   Thumb Code     2  startup_tm4c123.o(.text)
    UART6_Handler                            0x0000039d   Thumb Code     2  startup_tm4c123.o(.text)
    UART7_Handler                            0x0000039f   Thumb Code     2  startup_tm4c123.o(.text)
    I2C2_Handler                             0x000003a1   Thumb Code     2  startup_tm4c123.o(.text)
    I2C3_Handler                             0x000003a3   Thumb Code     2  startup_tm4c123.o(.text)
    TIMER4A_Handler                          0x000003a5   Thumb Code     2  startup_tm4c123.o(.text)
    TIMER4B_Handler                          0x000003a7   Thumb Code     2  startup_tm4c123.o(.text)
    TIMER5A_Handler                          0x000003a9   Thumb Code     2  startup_tm4c123.o(.text)
    TIMER5B_Handler                          0x000003ab   Thumb Code     2  startup_tm4c123.o(.text)
    WTIMER0A_Handler                         0x000003ad   Thumb Code     2  startup_tm4c123.o(.text)
    WTIMER0B_Handler                         0x000003af   Thumb Code     2  startup_tm4c123.o(.text)
    WTIMER1A_Handler                         0x000003b1   Thumb Code     2  startup_tm4c123.o(.text)
    WTIMER1B_Handler                         0x000003b3   Thumb Code     2  startup_tm4c123.o(.text)
    WTIMER2A_Handler                         0x000003b5   Thumb Code     2  startup_tm4c123.o(.text)
    WTIMER2B_Handler                         0x000003b7   Thumb Code     2  startup_tm4c123.o(.text)
    WTIMER3A_Handler                         0x000003b9   Thumb Code     2  startup_tm4c123.o(.text)
    WTIMER3B_Handler                         0x000003bb   Thumb Code     2  startup_tm4c123.o(.text)
    WTIMER4A_Handler                         0x000003bd   Thumb Code     2  startup_tm4c123.o(.text)
    WTIMER4B_Handler                         0x000003bf   Thumb Code     2  startup_tm4c123.o(.text)
    WTIMER5A_Handler                         0x000003c1   Thumb Code     2  startup_tm4c123.o(.text)
    WTIMER5B_Handler                         0x000003c3   Thumb Code     2  startup_tm4c123.o(.text)
    FPU_Handler                              0x000003c5   Thumb Code     2  startup_tm4c123.o(.text)
    I2C4_Handler                             0x000003c7   Thumb Code     2  startup_tm4c123.o(.text)
    I2C5_Handler                             0x000003c9   Thumb Code     2  startup_tm4c123.o(.text)
    GPIOM_Handler                            0x000003cb   Thumb Code     2  startup_tm4c123.o(.text)
    GPION_Handler                            0x000003cd   Thumb Code     2  startup_tm4c123.o(.text)
    QEI2_Handler                             0x000003cf   Thumb Code     2  startup_tm4c123.o(.text)
    GPIOP0_Handler                           0x000003d1   Thumb Code     2  startup_tm4c123.o(.text)
    GPIOP1_Handler                           0x000003d3   Thumb Code     2  startup_tm4c123.o(.text)
    GPIOP2_Handler                           0x000003d5   Thumb Code     2  startup_tm4c123.o(.text)
    GPIOP3_Handler                           0x000003d7   Thumb Code     2  startup_tm4c123.o(.text)
    GPIOP4_Handler                           0x000003d9   Thumb Code     2  startup_tm4c123.o(.text)
    GPIOP5_Handler                           0x000003db   Thumb Code     2  startup_tm4c123.o(.text)
    GPIOP6_Handler                           0x000003dd   Thumb Code     2  startup_tm4c123.o(.text)
    GPIOP7_Handler                           0x000003df   Thumb Code     2  startup_tm4c123.o(.text)
    GPIOQ0_Handler                           0x000003e1   Thumb Code     2  startup_tm4c123.o(.text)
    GPIOQ1_Handler                           0x000003e3   Thumb Code     2  startup_tm4c123.o(.text)
    GPIOQ2_Handler                           0x000003e5   Thumb Code     2  startup_tm4c123.o(.text)
    GPIOQ3_Handler                           0x000003e7   Thumb Code     2  startup_tm4c123.o(.text)
    GPIOQ4_Handler                           0x000003e9   Thumb Code     2  startup_tm4c123.o(.text)
    GPIOQ5_Handler                           0x000003eb   Thumb Code     2  startup_tm4c123.o(.text)
    GPIOQ6_Handler                           0x000003ed   Thumb Code     2  startup_tm4c123.o(.text)
    GPIOQ7_Handler                           0x000003ef   Thumb Code     2  startup_tm4c123.o(.text)
    GPIOR_Handler                            0x000003f1   Thumb Code     2  startup_tm4c123.o(.text)
    GPIOS_Handler                            0x000003f3   Thumb Code     2  startup_tm4c123.o(.text)
    PMW1_0_Handler                           0x000003f5   Thumb Code     2  startup_tm4c123.o(.text)
    PWM1_1_Handler                           0x000003f7   Thumb Code     2  startup_tm4c123.o(.text)
    PWM1_2_Handler                           0x000003f9   Thumb Code     2  startup_tm4c123.o(.text)
    PWM1_3_Handler                           0x000003fb   Thumb Code     2  startup_tm4c123.o(.text)
    PWM1_FAULT_Handler                       0x000003fd   Thumb Code     2  startup_tm4c123.o(.text)
    __user_initial_stackheap                 0x00000401   Thumb Code     0  startup_tm4c123.o(.text)
    strlen                                   0x00000421   Thumb Code    62  strlen.o(.text)
    __aeabi_memcpy                           0x0000045f   Thumb Code     0  rt_memcpy_v6.o(.text)
    __rt_memcpy                              0x0000045f   Thumb Code   138  rt_memcpy_v6.o(.text)
    _memcpy_lastbytes                        0x000004c5   Thumb Code     0  rt_memcpy_v6.o(.text)
    __aeabi_memset4                          0x000004e9   Thumb Code    16  aeabi_memset4.o(.text)
    __aeabi_memset8                          0x000004e9   Thumb Code     0  aeabi_memset4.o(.text)
    __use_two_region_memory                  0x000004f9   Thumb Code     2  heapauxi.o(.text)
    __rt_heap_escrow$2region                 0x000004fb   Thumb Code     2  heapauxi.o(.text)
    __rt_heap_expand$2region                 0x000004fd   Thumb Code     2  heapauxi.o(.text)
    __aeabi_memcpy4                          0x000004ff   Thumb Code     0  rt_memcpy_w.o(.text)
    __aeabi_memcpy8                          0x000004ff   Thumb Code     0  rt_memcpy_w.o(.text)
    __rt_memcpy_w                            0x000004ff   Thumb Code   100  rt_memcpy_w.o(.text)
    _memcpy_lastbytes_aligned                0x00000547   Thumb Code     0  rt_memcpy_w.o(.text)
    __aeabi_memclr4                          0x00000563   Thumb Code     0  rt_memclr_w.o(.text)
    __aeabi_memclr8                          0x00000563   Thumb Code     0  rt_memclr_w.o(.text)
    __rt_memclr_w                            0x00000563   Thumb Code     0  rt_memclr_w.o(.text)
    _memset_w                                0x00000567   Thumb Code    74  rt_memclr_w.o(.text)
    __user_setup_stackheap                   0x000005b1   Thumb Code    74  sys_stackheap_outer.o(.text)
    exit                                     0x000005fb   Thumb Code    18  exit.o(.text)
    __user_libspace                          0x0000060d   Thumb Code     8  libspace.o(.text)
    __user_perproc_libspace                  0x0000060d   Thumb Code     0  libspace.o(.text)
    __user_perthread_libspace                0x0000060d   Thumb Code     0  libspace.o(.text)
    _sys_exit                                0x00000615   Thumb Code     8  sys_exit.o(.text)
    __I$use$semihosting                      0x00000621   Thumb Code     0  use_no_semi.o(.text)
    __use_no_semihosting_swi                 0x00000621   Thumb Code     2  use_no_semi.o(.text)
    __semihosting_library_function           0x00000623   Thumb Code     0  indicate_semi.o(.text)
    ADC0SS3_Handler                          0x00000625   Thumb Code    74  main.o(.text.ADC0SS3_Handler)
    ADC_Read_Task                            0x00000671   Thumb Code   302  main.o(.text.ADC_Read_Task)
    Buzzer                                   0x000007a1   Thumb Code    90  main.o(.text.Buzzer)
    LCD_TASK                                 0x000007fd   Thumb Code    80  main.o(.text.LCD_TASK)
    LCD_clear                                0x0000084d   Thumb Code    10  lcd.o(.text.LCD_clear)
    LCD_command                              0x00000859   Thumb Code    84  lcd.o(.text.LCD_command)
    LCD_data                                 0x000008ad   Thumb Code    62  lcd.o(.text.LCD_data)
    LCD_display                              0x000008ed   Thumb Code    56  lcd.o(.text.LCD_display)
    LCD_line                                 0x00000925   Thumb Code    50  lcd.o(.text.LCD_line)
    LCD_start                                0x00000959   Thumb Code   156  lcd.o(.text.LCD_start)
    LEDS_Init                                0x000009f5   Thumb Code   104  uart.o(.text.LEDS_Init)
    LM35_Init                                0x00000a5d   Thumb Code   290  adc.o(.text.LM35_Init)
    LM35_Value                               0x00000b81   Thumb Code    32  adc.o(.text.LM35_Value)
    PendSV_Handler                           0x00000ba1   Thumb Code   100  port.o(.text.PendSV_Handler)
    SVC_Handler                              0x00000c11   Thumb Code    36  port.o(.text.SVC_Handler)
    SysTick_Handler                          0x00000c35   Thumb Code    60  port.o(.text.SysTick_Handler)
    SystemInit                               0x00000c71   Thumb Code    18  system_tm4c123.o(.text.SystemInit)
    UART_Init                                0x00000c85   Thumb Code   148  uart.o(.text.UART_Init)
    UART_TASK                                0x00000d19   Thumb Code   234  main.o(.text.UART_TASK)
    delayMs                                  0x00000e05   Thumb Code    34  lcd.o(.text.delayMs)
    delayUs                                  0x00000e29   Thumb Code    30  lcd.o(.text.delayUs)
    eTaskConfirmSleepModeStatus              0x00000e49   Thumb Code   128  tasks.o(.text.eTaskConfirmSleepModeStatus)
    main                                     0x00000ec9   Thumb Code   294  main.o(.text.main)
    print                                    0x00000ff1   Thumb Code    34  uart.o(.text.print)
    printchar                                0x00001015   Thumb Code    46  uart.o(.text.printchar)
    pvPortMalloc                             0x00001bd9   Thumb Code   530  heap_4.o(.text.pvPortMalloc)
    pvTaskIncrementMutexHeldCount            0x00001ded   Thumb Code    44  tasks.o(.text.pvTaskIncrementMutexHeldCount)
    pxPortInitialiseStack                    0x00001e19   Thumb Code    94  port.o(.text.pxPortInitialiseStack)
    toString                                 0x00001e79   Thumb Code   172  uart.o(.text.toString)
    uxListRemove                             0x00001f25   Thumb Code    72  list.o(.text.uxListRemove)
    vListInitialise                          0x00001f6d   Thumb Code    46  list.o(.text.vListInitialise)
    vListInitialiseItem                      0x00001f9d   Thumb Code    14  list.o(.text.vListInitialiseItem)
    vListInsert                              0x00001fad   Thumb Code   106  list.o(.text.vListInsert)
    vPortEnterCritical                       0x0000202d   Thumb Code    86  port.o(.text.vPortEnterCritical)
    vPortExitCritical                        0x00002085   Thumb Code    74  port.o(.text.vPortExitCritical)
    vPortFree                                0x000020d1   Thumb Code   206  heap_4.o(.text.vPortFree)
    vPortSetupTimerInterrupt                 0x000021a1   Thumb Code   120  port.o(.text.vPortSetupTimerInterrupt)
    vPortSuppressTicksAndSleep               0x00002219   Thumb Code   524  port.o(.text.vPortSuppressTicksAndSleep)
    vPortValidateInterruptPriority           0x00002425   Thumb Code   132  port.o(.text.vPortValidateInterruptPriority)
    vTaskInternalSetTimeOutState             0x000024a9   Thumb Code    36  tasks.o(.text.vTaskInternalSetTimeOutState)
    vTaskMissedYield                         0x000024cd   Thumb Code    14  tasks.o(.text.vTaskMissedYield)
    vTaskPlaceOnEventList                    0x000024dd   Thumb Code    66  tasks.o(.text.vTaskPlaceOnEventList)
    vTaskPriorityDisinheritAfterTimeout      0x00002521   Thumb Code   386  tasks.o(.text.vTaskPriorityDisinheritAfterTimeout)
    vTaskStartScheduler                      0x000026a5   Thumb Code   170  tasks.o(.text.vTaskStartScheduler)
    vTaskStepTick                            0x00002751   Thumb Code    76  tasks.o(.text.vTaskStepTick)
    vTaskSuspendAll                          0x0000279d   Thumb Code    16  tasks.o(.text.vTaskSuspendAll)
    vTaskSwitchContext                       0x000027ad   Thumb Code   190  tasks.o(.text.vTaskSwitchContext)
    xPortStartScheduler                      0x0000286d   Thumb Code   342  port.o(.text.xPortStartScheduler)
    xQueueGenericCreate                      0x000029c5   Thumb Code   154  queue.o(.text.xQueueGenericCreate)
    xQueueGenericReset                       0x00002a61   Thumb Code   264  queue.o(.text.xQueueGenericReset)
    xQueueGenericSend                        0x00002b69   Thumb Code   628  queue.o(.text.xQueueGenericSend)
    xQueueGiveFromISR                        0x00002ddd   Thumb Code   366  queue.o(.text.xQueueGiveFromISR)
    xQueueReceive                            0x00002f4d   Thumb Code   476  queue.o(.text.xQueueReceive)
    xQueueSemaphoreTake                      0x00003129   Thumb Code   556  queue.o(.text.xQueueSemaphoreTake)
    xTaskCheckForTimeOut                     0x00003355   Thumb Code   252  tasks.o(.text.xTaskCheckForTimeOut)
    xTaskCreate                              0x00003451   Thumb Code   152  tasks.o(.text.xTaskCreate)
    xTaskGetSchedulerState                   0x000034e9   Thumb Code    56  tasks.o(.text.xTaskGetSchedulerState)
    xTaskIncrementTick                       0x00003521   Thumb Code   608  tasks.o(.text.xTaskIncrementTick)
    xTaskPriorityDisinherit                  0x00003781   Thumb Code   312  tasks.o(.text.xTaskPriorityDisinherit)
    xTaskPriorityInherit                     0x000038b9   Thumb Code   348  tasks.o(.text.xTaskPriorityInherit)
    xTaskRemoveFromEventList                 0x00003a15   Thumb Code   402  tasks.o(.text.xTaskRemoveFromEventList)
    xTaskResumeAll                           0x00003ba9   Thumb Code   546  tasks.o(.text.xTaskResumeAll)
    _fp_init                                 0x00003dcb   Thumb Code    26  fpinit.o(x$fpl$fpinit)
    __fplib_config_fpu_vfp                   0x00003de3   Thumb Code     0  fpinit.o(x$fpl$fpinit)
    __fplib_config_pureend_doubles           0x00003de3   Thumb Code     0  fpinit.o(x$fpl$fpinit)
    uxTopUsedPriority                        0x00003ea0   Data           4  tasks.o(.rodata.uxTopUsedPriority)
    Region$$Table$$Base                      0x00003ea4   Number         0  anon$$obj.o(Region$$Table)
    Region$$Table$$Limit                     0x00003ec4   Number         0  anon$$obj.o(Region$$Table)
    SystemCoreClock                          0x20000000   Data           4  system_tm4c123.o(.data.SystemCoreClock)
    User                                     0x20000004   Data           1  main.o(.data.User)
    __libspace_start                         0x20000010   Data          96  libspace.o(.bss)
    __temporary_stack_top$libspace           0x20000070   Data           0  libspace.o(.bss)
    pxCurrentTCB                             0x20000070   Data           4  tasks.o(.bss.pxCurrentTCB)
    xBuzzerQueue                             0x2000110c   Data           4  main.o(.bss.xBuzzerQueue)
    xLCDQueue                                0x20001140   Data           4  main.o(.bss.xLCDQueue)
    xSemaphore                               0x20001178   Data           4  main.o(.bss.xSemaphore)
    xUARTQueue                               0x200011b0   Data           4  main.o(.bss.xUARTQueue)



==============================================================================

Memory Map of the image

  Image Entry point : 0x0000026d

  Load Region LR_IROM1 (Base: 0x00000000, Size: 0x00003ed8, Max: 0x00040000, ABSOLUTE)

    Execution Region ER_IROM1 (Exec base: 0x00000000, Load base: 0x00000000, Size: 0x00003ec4, Max: 0x00040000, ABSOLUTE)

    Exec Addr    Load Addr    Size         Type   Attr      Idx    E Section Name        Object

    0x00000000   0x00000000   0x0000026c   Data   RO           83    RESET               startup_tm4c123.o
    0x0000026c   0x0000026c   0x00000008   Code   RO          455  * !!!main             c_w.l(__main.o)
    0x00000274   0x00000274   0x00000034   Code   RO          622    !!!scatter          c_w.l(__scatter.o)
    0x000002a8   0x000002a8   0x0000001a   Code   RO          624    !!handler_copy      c_w.l(__scatter_copy.o)
    0x000002c2   0x000002c2   0x00000002   PAD
    0x000002c4   0x000002c4   0x0000001c   Code   RO          626    !!handler_zi        c_w.l(__scatter_zi.o)
    0x000002e0   0x000002e0   0x00000002   Code   RO          486    .ARM.Collect$$libinit$$00000000  c_w.l(libinit.o)
    0x000002e2   0x000002e2   0x00000004   Code   RO          492    .ARM.Collect$$libinit$$00000001  c_w.l(libinit2.o)
    0x000002e6   0x000002e6   0x00000000   Code   RO          495    .ARM.Collect$$libinit$$00000004  c_w.l(libinit2.o)
    0x000002e6   0x000002e6   0x00000000   Code   RO          498    .ARM.Collect$$libinit$$0000000A  c_w.l(libinit2.o)
    0x000002e6   0x000002e6   0x00000000   Code   RO          500    .ARM.Collect$$libinit$$0000000C  c_w.l(libinit2.o)
    0x000002e6   0x000002e6   0x00000000   Code   RO          502    .ARM.Collect$$libinit$$0000000E  c_w.l(libinit2.o)
    0x000002e6   0x000002e6   0x00000000   Code   RO          505    .ARM.Collect$$libinit$$00000011  c_w.l(libinit2.o)
    0x000002e6   0x000002e6   0x00000000   Code   RO          507    .ARM.Collect$$libinit$$00000013  c_w.l(libinit2.o)
    0x000002e6   0x000002e6   0x00000000   Code   RO          509    .ARM.Collect$$libinit$$00000015  c_w.l(libinit2.o)
    0x000002e6   0x000002e6   0x00000000   Code   RO          511    .ARM.Collect$$libinit$$00000017  c_w.l(libinit2.o)
    0x000002e6   0x000002e6   0x00000000   Code   RO          513    .ARM.Collect$$libinit$$00000019  c_w.l(libinit2.o)
    0x000002e6   0x000002e6   0x00000000   Code   RO          515    .ARM.Collect$$libinit$$0000001B  c_w.l(libinit2.o)
    0x000002e6   0x000002e6   0x00000000   Code   RO          517    .ARM.Collect$$libinit$$0000001D  c_w.l(libinit2.o)
    0x000002e6   0x000002e6   0x00000000   Code   RO          519    .ARM.Collect$$libinit$$0000001F  c_w.l(libinit2.o)
    0x000002e6   0x000002e6   0x00000000   Code   RO          521    .ARM.Collect$$libinit$$00000021  c_w.l(libinit2.o)
    0x000002e6   0x000002e6   0x00000000   Code   RO          523    .ARM.Collect$$libinit$$00000023  c_w.l(libinit2.o)
    0x000002e6   0x000002e6   0x00000000   Code   RO          525    .ARM.Collect$$libinit$$00000025  c_w.l(libinit2.o)
    0x000002e6   0x000002e6   0x00000000   Code   RO          529    .ARM.Collect$$libinit$$0000002C  c_w.l(libinit2.o)
    0x000002e6   0x000002e6   0x00000000   Code   RO          531    .ARM.Collect$$libinit$$0000002E  c_w.l(libinit2.o)
    0x000002e6   0x000002e6   0x00000000   Code   RO          533    .ARM.Collect$$libinit$$00000030  c_w.l(libinit2.o)
    0x000002e6   0x000002e6   0x00000000   Code   RO          535    .ARM.Collect$$libinit$$00000032  c_w.l(libinit2.o)
    0x000002e6   0x000002e6   0x00000002   Code   RO          536    .ARM.Collect$$libinit$$00000033  c_w.l(libinit2.o)
    0x000002e8   0x000002e8   0x00000002   Code   RO          558    .ARM.Collect$$libshutdown$$00000000  c_w.l(libshutdown.o)
    0x000002ea   0x000002ea   0x00000000   Code   RO          573    .ARM.Collect$$libshutdown$$00000002  c_w.l(libshutdown2.o)
    0x000002ea   0x000002ea   0x00000000   Code   RO          575    .ARM.Collect$$libshutdown$$00000004  c_w.l(libshutdown2.o)
    0x000002ea   0x000002ea   0x00000000   Code   RO          578    .ARM.Collect$$libshutdown$$00000007  c_w.l(libshutdown2.o)
    0x000002ea   0x000002ea   0x00000000   Code   RO          581    .ARM.Collect$$libshutdown$$0000000A  c_w.l(libshutdown2.o)
    0x000002ea   0x000002ea   0x00000000   Code   RO          583    .ARM.Collect$$libshutdown$$0000000C  c_w.l(libshutdown2.o)
    0x000002ea   0x000002ea   0x00000000   Code   RO          586    .ARM.Collect$$libshutdown$$0000000F  c_w.l(libshutdown2.o)
    0x000002ea   0x000002ea   0x00000002   Code   RO          587    .ARM.Collect$$libshutdown$$00000010  c_w.l(libshutdown2.o)
    0x000002ec   0x000002ec   0x00000000   Code   RO          457    .ARM.Collect$$rtentry$$00000000  c_w.l(__rtentry.o)
    0x000002ec   0x000002ec   0x00000000   Code   RO          463    .ARM.Collect$$rtentry$$00000002  c_w.l(__rtentry2.o)
    0x000002ec   0x000002ec   0x00000006   Code   RO          475    .ARM.Collect$$rtentry$$00000004  c_w.l(__rtentry4.o)
    0x000002f2   0x000002f2   0x00000000   Code   RO          465    .ARM.Collect$$rtentry$$00000009  c_w.l(__rtentry2.o)
    0x000002f2   0x000002f2   0x00000004   Code   RO          466    .ARM.Collect$$rtentry$$0000000A  c_w.l(__rtentry2.o)
    0x000002f6   0x000002f6   0x00000000   Code   RO          468    .ARM.Collect$$rtentry$$0000000C  c_w.l(__rtentry2.o)
    0x000002f6   0x000002f6   0x00000008   Code   RO          469    .ARM.Collect$$rtentry$$0000000D  c_w.l(__rtentry2.o)
    0x000002fe   0x000002fe   0x00000002   Code   RO          490    .ARM.Collect$$rtexit$$00000000  c_w.l(rtexit.o)
    0x00000300   0x00000300   0x00000000   Code   RO          538    .ARM.Collect$$rtexit$$00000002  c_w.l(rtexit2.o)
    0x00000300   0x00000300   0x00000004   Code   RO          539    .ARM.Collect$$rtexit$$00000003  c_w.l(rtexit2.o)
    0x00000304   0x00000304   0x00000006   Code   RO          540    .ARM.Collect$$rtexit$$00000004  c_w.l(rtexit2.o)
    0x0000030a   0x0000030a   0x00000002   PAD
    0x0000030c   0x0000030c   0x00000114   Code   RO           84    .text               startup_tm4c123.o
    0x00000420   0x00000420   0x0000003e   Code   RO          447    .text               c_w.l(strlen.o)
    0x0000045e   0x0000045e   0x0000008a   Code   RO          449    .text               c_w.l(rt_memcpy_v6.o)
    0x000004e8   0x000004e8   0x00000010   Code   RO          451    .text               c_w.l(aeabi_memset4.o)
    0x000004f8   0x000004f8   0x00000006   Code   RO          453    .text               c_w.l(heapauxi.o)
    0x000004fe   0x000004fe   0x00000064   Code   RO          458    .text               c_w.l(rt_memcpy_w.o)
    0x00000562   0x00000562   0x0000004e   Code   RO          460    .text               c_w.l(rt_memclr_w.o)
    0x000005b0   0x000005b0   0x0000004a   Code   RO          477    .text               c_w.l(sys_stackheap_outer.o)
    0x000005fa   0x000005fa   0x00000012   Code   RO          479    .text               c_w.l(exit.o)
    0x0000060c   0x0000060c   0x00000008   Code   RO          487    .text               c_w.l(libspace.o)
    0x00000614   0x00000614   0x0000000c   Code   RO          548    .text               c_w.l(sys_exit.o)
    0x00000620   0x00000620   0x00000002   Code   RO          563    .text               c_w.l(use_no_semi.o)
    0x00000622   0x00000622   0x00000000   Code   RO          565    .text               c_w.l(indicate_semi.o)
    0x00000622   0x00000622   0x00000002   PAD
    0x00000624   0x00000624   0x0000004a   Code   RO           42    .text.ADC0SS3_Handler  main.o
    0x0000066e   0x0000066e   0x00000002   PAD
    0x00000670   0x00000670   0x0000012e   Code   RO           36    .text.ADC_Read_Task  main.o
    0x0000079e   0x0000079e   0x00000002   PAD
    0x000007a0   0x000007a0   0x0000005a   Code   RO           46    .text.Buzzer        main.o
    0x000007fa   0x000007fa   0x00000002   PAD
    0x000007fc   0x000007fc   0x00000050   Code   RO           44    .text.LCD_TASK      main.o
    0x0000084c   0x0000084c   0x0000000a   Code   RO           23    .text.LCD_clear     lcd.o
    0x00000856   0x00000856   0x00000002   PAD
    0x00000858   0x00000858   0x00000054   Code   RO           17    .text.LCD_command   lcd.o
    0x000008ac   0x000008ac   0x0000003e   Code   RO           21    .text.LCD_data      lcd.o
    0x000008ea   0x000008ea   0x00000002   PAD
    0x000008ec   0x000008ec   0x00000038   Code   RO           27    .text.LCD_display   lcd.o
    0x00000924   0x00000924   0x00000032   Code   RO           25    .text.LCD_line      lcd.o
    0x00000956   0x00000956   0x00000002   PAD
    0x00000958   0x00000958   0x0000009c   Code   RO           19    .text.LCD_start     lcd.o
    0x000009f4   0x000009f4   0x00000068   Code   RO           65    .text.LEDS_Init     uart.o
    0x00000a5c   0x00000a5c   0x00000122   Code   RO            2    .text.LM35_Init     adc.o
    0x00000b7e   0x00000b7e   0x00000002   PAD
    0x00000b80   0x00000b80   0x00000020   Code   RO            4    .text.LM35_Value    adc.o
    0x00000ba0   0x00000ba0   0x00000064   Code   RO          143    .text.PendSV_Handler  port.o
    0x00000c04   0x00000c04   0x0000000c   PAD
    0x00000c10   0x00000c10   0x00000024   Code   RO          127    .text.SVC_Handler   port.o
    0x00000c34   0x00000c34   0x0000003c   Code   RO          145    .text.SysTick_Handler  port.o
    0x00000c70   0x00000c70   0x00000012   Code   RO           95    .text.SystemInit    system_tm4c123.o
    0x00000c82   0x00000c82   0x00000002   PAD
    0x00000c84   0x00000c84   0x00000094   Code   RO           67    .text.UART_Init     uart.o
    0x00000d18   0x00000d18   0x000000ea   Code   RO           38    .text.UART_TASK     main.o
    0x00000e02   0x00000e02   0x00000002   PAD
    0x00000e04   0x00000e04   0x00000022   Code   RO           15    .text.delayMs       lcd.o
    0x00000e26   0x00000e26   0x00000002   PAD
    0x00000e28   0x00000e28   0x0000001e   Code   RO           13    .text.delayUs       lcd.o
    0x00000e46   0x00000e46   0x00000002   PAD
    0x00000e48   0x00000e48   0x00000080   Code   RO          372    .text.eTaskConfirmSleepModeStatus  tasks.o
    0x00000ec8   0x00000ec8   0x00000126   Code   RO           48    .text.main          main.o
    0x00000fee   0x00000fee   0x00000002   PAD
    0x00000ff0   0x00000ff0   0x00000022   Code   RO           73    .text.print         uart.o
    0x00001012   0x00001012   0x00000002   PAD
    0x00001014   0x00001014   0x0000002e   Code   RO           71    .text.printchar     uart.o
    0x00001042   0x00001042   0x00000002   PAD
    0x00001044   0x00001044   0x00000122   Code   RO          296    .text.prvAddCurrentTaskToDelayedList  tasks.o
    0x00001166   0x00001166   0x00000002   PAD
    0x00001168   0x00001168   0x00000154   Code   RO          284    .text.prvAddNewTaskToReadyList  tasks.o
    0x000012bc   0x000012bc   0x0000005a   Code   RO          412    .text.prvCheckTasksWaitingTermination  tasks.o
    0x00001316   0x00001316   0x00000002   PAD
    0x00001318   0x00001318   0x00000042   Code   RO          233    .text.prvCopyDataFromQueue  queue.o
    0x0000135a   0x0000135a   0x00000002   PAD
    0x0000135c   0x0000135c   0x000000cc   Code   RO          219    .text.prvCopyDataToQueue  queue.o
    0x00001428   0x00001428   0x00000018   Code   RO          290    .text.prvDeleteTCB  tasks.o
    0x00001440   0x00001440   0x00000026   Code   RO          237    .text.prvGetDisinheritPriorityAfterTimeout  queue.o
    0x00001466   0x00001466   0x00000002   PAD
    0x00001468   0x00001468   0x0000007c   Code   RO          414    .text.prvGetExpectedIdleTime  tasks.o
    0x000014e4   0x000014e4   0x000000bc   Code   RO          166    .text.prvHeapInit   heap_4.o
    0x000015a0   0x000015a0   0x0000009a   Code   RO          322    .text.prvIdleTask   tasks.o
    0x0000163a   0x0000163a   0x00000002   PAD
    0x0000163c   0x0000163c   0x0000004e   Code   RO          199    .text.prvInitialiseNewQueue  queue.o
    0x0000168a   0x0000168a   0x00000002   PAD
    0x0000168c   0x0000168c   0x00000146   Code   RO          282    .text.prvInitialiseNewTask  tasks.o
    0x000017d2   0x000017d2   0x00000002   PAD
    0x000017d4   0x000017d4   0x0000008e   Code   RO          410    .text.prvInitialiseTaskLists  tasks.o
    0x00001862   0x00001862   0x00000002   PAD
    0x00001864   0x00001864   0x000000c6   Code   RO          168    .text.prvInsertBlockIntoFreeList  heap_4.o
    0x0000192a   0x0000192a   0x00000002   PAD
    0x0000192c   0x0000192c   0x00000028   Code   RO          235    .text.prvIsQueueEmpty  queue.o
    0x00001954   0x00001954   0x0000002e   Code   RO          223    .text.prvIsQueueFull  queue.o
    0x00001982   0x00001982   0x00000002   PAD
    0x00001984   0x00001984   0x000000d8   Code   RO          221    .text.prvNotifyQueueSetContainer  queue.o
    0x00001a5c   0x00001a5c   0x00000028   Code   RO          135    .text.prvPortStartFirstTask  port.o
    0x00001a84   0x00001a84   0x0000003c   Code   RO          288    .text.prvResetNextTaskUnblockTime  tasks.o
    0x00001ac0   0x00001ac0   0x0000004c   Code   RO          125    .text.prvTaskExitError  port.o
    0x00001b0c   0x00001b0c   0x000000cc   Code   RO          225    .text.prvUnlockQueue  queue.o
    0x00001bd8   0x00001bd8   0x00000212   Code   RO          164    .text.pvPortMalloc  heap_4.o
    0x00001dea   0x00001dea   0x00000002   PAD
    0x00001dec   0x00001dec   0x0000002c   Code   RO          394    .text.pvTaskIncrementMutexHeldCount  tasks.o
    0x00001e18   0x00001e18   0x0000005e   Code   RO          123    .text.pxPortInitialiseStack  port.o
    0x00001e76   0x00001e76   0x00000002   PAD
    0x00001e78   0x00001e78   0x000000ac   Code   RO           69    .text.toString      uart.o
    0x00001f24   0x00001f24   0x00000048   Code   RO          114    .text.uxListRemove  list.o
    0x00001f6c   0x00001f6c   0x0000002e   Code   RO          106    .text.vListInitialise  list.o
    0x00001f9a   0x00001f9a   0x00000002   PAD
    0x00001f9c   0x00001f9c   0x0000000e   Code   RO          108    .text.vListInitialiseItem  list.o
    0x00001faa   0x00001faa   0x00000002   PAD
    0x00001fac   0x00001fac   0x0000006a   Code   RO          112    .text.vListInsert   list.o
    0x00002016   0x00002016   0x00000002   PAD
    0x00002018   0x00002018   0x00000014   Code   RO          133    .text.vPortEnableVFP  port.o
    0x0000202c   0x0000202c   0x00000056   Code   RO          139    .text.vPortEnterCritical  port.o
    0x00002082   0x00002082   0x00000002   PAD
    0x00002084   0x00002084   0x0000004a   Code   RO          141    .text.vPortExitCritical  port.o
    0x000020ce   0x000020ce   0x00000002   PAD
    0x000020d0   0x000020d0   0x000000ce   Code   RO          170    .text.vPortFree     heap_4.o
    0x0000219e   0x0000219e   0x00000002   PAD
    0x000021a0   0x000021a0   0x00000078   Code   RO          131    .text.vPortSetupTimerInterrupt  port.o
    0x00002218   0x00002218   0x0000020c   Code   RO          147    .text.vPortSuppressTicksAndSleep  port.o
    0x00002424   0x00002424   0x00000084   Code   RO          149    .text.vPortValidateInterruptPriority  port.o
    0x000024a8   0x000024a8   0x00000024   Code   RO          362    .text.vTaskInternalSetTimeOutState  tasks.o
    0x000024cc   0x000024cc   0x0000000e   Code   RO          366    .text.vTaskMissedYield  tasks.o
    0x000024da   0x000024da   0x00000002   PAD
    0x000024dc   0x000024dc   0x00000042   Code   RO          352    .text.vTaskPlaceOnEventList  tasks.o
    0x0000251e   0x0000251e   0x00000002   PAD
    0x00002520   0x00002520   0x00000182   Code   RO          390    .text.vTaskPriorityDisinheritAfterTimeout  tasks.o
    0x000026a2   0x000026a2   0x00000002   PAD
    0x000026a4   0x000026a4   0x000000aa   Code   RO          320    .text.vTaskStartScheduler  tasks.o
    0x0000274e   0x0000274e   0x00000002   PAD
    0x00002750   0x00002750   0x0000004c   Code   RO          346    .text.vTaskStepTick  tasks.o
    0x0000279c   0x0000279c   0x00000010   Code   RO          294    .text.vTaskSuspendAll  tasks.o
    0x000027ac   0x000027ac   0x000000be   Code   RO          312    .text.vTaskSwitchContext  tasks.o
    0x0000286a   0x0000286a   0x00000002   PAD
    0x0000286c   0x0000286c   0x00000156   Code   RO          129    .text.xPortStartScheduler  port.o
    0x000029c2   0x000029c2   0x00000002   PAD
    0x000029c4   0x000029c4   0x0000009a   Code   RO          197    .text.xQueueGenericCreate  queue.o
    0x00002a5e   0x00002a5e   0x00000002   PAD
    0x00002a60   0x00002a60   0x00000108   Code   RO          195    .text.xQueueGenericReset  queue.o
    0x00002b68   0x00002b68   0x00000274   Code   RO          211    .text.xQueueGenericSend  queue.o
    0x00002ddc   0x00002ddc   0x0000016e   Code   RO          229    .text.xQueueGiveFromISR  queue.o
    0x00002f4a   0x00002f4a   0x00000002   PAD
    0x00002f4c   0x00002f4c   0x000001dc   Code   RO          231    .text.xQueueReceive  queue.o
    0x00003128   0x00003128   0x0000022c   Code   RO          215    .text.xQueueSemaphoreTake  queue.o
    0x00003354   0x00003354   0x000000fc   Code   RO          364    .text.xTaskCheckForTimeOut  tasks.o
    0x00003450   0x00003450   0x00000098   Code   RO          280    .text.xTaskCreate   tasks.o
    0x000034e8   0x000034e8   0x00000038   Code   RO          384    .text.xTaskGetSchedulerState  tasks.o
    0x00003520   0x00003520   0x00000260   Code   RO          326    .text.xTaskIncrementTick  tasks.o
    0x00003780   0x00003780   0x00000138   Code   RO          388    .text.xTaskPriorityDisinherit  tasks.o
    0x000038b8   0x000038b8   0x0000015c   Code   RO          386    .text.xTaskPriorityInherit  tasks.o
    0x00003a14   0x00003a14   0x00000192   Code   RO          356    .text.xTaskRemoveFromEventList  tasks.o
    0x00003ba6   0x00003ba6   0x00000002   PAD
    0x00003ba8   0x00003ba8   0x00000222   Code   RO          298    .text.xTaskResumeAll  tasks.o
    0x00003dca   0x00003dca   0x0000001a   Code   RO          546    x$fpl$fpinit        fz_wm.l(fpinit.o)
    0x00003de4   0x00003de4   0x000000b4   Data   RO           56    .rodata.str1.1      main.o
    0x00003e98   0x00003e98   0x00000005   Data   RO          432    .rodata.str1.1      tasks.o
    0x00003e9d   0x00003e9d   0x00000003   PAD
    0x00003ea0   0x00003ea0   0x00000004   Data   RO          417    .rodata.uxTopUsedPriority  tasks.o
    0x00003ea4   0x00003ea4   0x00000020   Data   RO          621    Region$$Table       anon$$obj.o


    Execution Region RW_IRAM1 (Exec base: 0x20000000, Load base: 0x00003ec8, Size: 0x000013b8, Max: 0x00008000, ABSOLUTE)

    Exec Addr    Load Addr    Size         Type   Attr      Idx    E Section Name        Object

    0x20000000   0x00003ec8   0x00000004   Data   RW           97    .data.SystemCoreClock  system_tm4c123.o
    0x20000004   0x00003ecc   0x00000001   Data   RW           51    .data.User          main.o
    0x20000005   0x00003ecd   0x00000003   PAD
    0x20000008   0x00003ed0   0x00000004   Data   RW          153    .data.uxCriticalNesting  port.o
    0x2000000c   0x00003ed4   0x00000004   PAD
    0x20000010        -       0x00000060   Zero   RW          488    .bss                c_w.l(libspace.o)
    0x20000070        -       0x00000004   Zero   RW          416    .bss.pxCurrentTCB   tasks.o
    0x20000074        -       0x00000004   Zero   RW          427    .bss.pxDelayedTaskList  tasks.o
    0x20000078        -       0x00000004   Zero   RW          180    .bss.pxEnd          heap_4.o
    0x2000007c        -       0x00000004   Zero   RW          428    .bss.pxOverflowDelayedTaskList  tasks.o
    0x20000080        -       0x00000064   Zero   RW          418    .bss.pxReadyTasksLists  tasks.o
    0x200000e4        -       0x00001000   Zero   RW          187    .bss.ucHeap         heap_4.o
    0x200010e4        -       0x00000001   Zero   RW          151    .bss.ucMaxSysCallPriority  port.o
    0x200010e5   0x00003ed4   0x00000003   PAD
    0x200010e8        -       0x00000004   Zero   RW          152    .bss.ulMaxPRIGROUPValue  port.o
    0x200010ec        -       0x00000004   Zero   RW          156    .bss.ulStoppedTimerCompensation  port.o
    0x200010f0        -       0x00000004   Zero   RW          155    .bss.ulTimerCountsForOneTick  port.o
    0x200010f4        -       0x00000004   Zero   RW          423    .bss.uxCurrentNumberOfTasks  tasks.o
    0x200010f8        -       0x00000004   Zero   RW          422    .bss.uxDeletedTasksWaitingCleanUp  tasks.o
    0x200010fc        -       0x00000004   Zero   RW          425    .bss.uxSchedulerSuspended  tasks.o
    0x20001100        -       0x00000004   Zero   RW          420    .bss.uxTaskNumber   tasks.o
    0x20001104        -       0x00000004   Zero   RW          419    .bss.uxTopReadyPriority  tasks.o
    0x20001108        -       0x00000004   Zero   RW          181    .bss.xBlockAllocatedBit  heap_4.o
    0x2000110c        -       0x00000004   Zero   RW           55    .bss.xBuzzerQueue   main.o
    0x20001110        -       0x00000014   Zero   RW          437    .bss.xDelayedTaskList1  tasks.o
    0x20001124        -       0x00000014   Zero   RW          438    .bss.xDelayedTaskList2  tasks.o
    0x20001138        -       0x00000004   Zero   RW          182    .bss.xFreeBytesRemaining  heap_4.o
    0x2000113c        -       0x00000004   Zero   RW          433    .bss.xIdleTaskHandle  tasks.o
    0x20001140        -       0x00000004   Zero   RW           54    .bss.xLCDQueue      main.o
    0x20001144        -       0x00000004   Zero   RW          154    .bss.xMaximumPossibleSuppressedTicks  port.o
    0x20001148        -       0x00000004   Zero   RW          184    .bss.xMinimumEverFreeBytesRemaining  heap_4.o
    0x2000114c        -       0x00000004   Zero   RW          434    .bss.xNextTaskUnblockTime  tasks.o
    0x20001150        -       0x00000004   Zero   RW          436    .bss.xNumOfOverflows  tasks.o
    0x20001154        -       0x00000004   Zero   RW          185    .bss.xNumberOfSuccessfulAllocations  heap_4.o
    0x20001158        -       0x00000004   Zero   RW          186    .bss.xNumberOfSuccessfulFrees  heap_4.o
    0x2000115c        -       0x00000004   Zero   RW          435    .bss.xPendedTicks   tasks.o
    0x20001160        -       0x00000014   Zero   RW          431    .bss.xPendingReadyList  tasks.o
    0x20001174        -       0x00000004   Zero   RW          424    .bss.xSchedulerRunning  tasks.o
    0x20001178        -       0x00000004   Zero   RW           52    .bss.xSemaphore     main.o
    0x2000117c        -       0x00000008   Zero   RW          183    .bss.xStart         heap_4.o
    0x20001184        -       0x00000014   Zero   RW          429    .bss.xSuspendedTaskList  tasks.o
    0x20001198        -       0x00000014   Zero   RW          421    .bss.xTasksWaitingTermination  tasks.o
    0x200011ac        -       0x00000004   Zero   RW          426    .bss.xTickCount     tasks.o
    0x200011b0        -       0x00000004   Zero   RW           53    .bss.xUARTQueue     main.o
    0x200011b4        -       0x00000004   Zero   RW          430    .bss.xYieldPending  tasks.o
    0x200011b8        -       0x00000000   Zero   RW           82    HEAP                startup_tm4c123.o
    0x200011b8        -       0x00000200   Zero   RW           81    STACK               startup_tm4c123.o


==============================================================================

Image component sizes


      Code (inc. data)   RO Data    RW Data    ZI Data      Debug   Object Name

       322          0          0          0          0        771   adc.o
      1122          0          0          0       4128       4602   heap_4.o
       482          0          0          0          0       1630   lcd.o
       238          0          0          0          0       2371   list.o
      1074          0        180          1         16       2739   main.o
      1704         16          0          4         17       4911   port.o
      3336          0          0          0          0      16731   queue.o
       276         24        620          0        512       5516   startup_tm4c123.o
        18          0          0          4          0       6658   system_tm4c123.o
      5352          0          9          0        260      26883   tasks.o
       504          0          0          0          0       1359   uart.o

    ----------------------------------------------------------------------
     14522         52        844         12       4940      74171   Object Totals
         0          0         32          0          0          0   (incl. Generated)
        94         12          3          3          7          0   (incl. Padding)

    ----------------------------------------------------------------------

      Code (inc. data)   RO Data    RW Data    ZI Data      Debug   Library Member Name

         8          0          0          0          0         68   __main.o
         0          0          0          0          0          0   __rtentry.o
        12          0          0          0          0          0   __rtentry2.o
         6          0          0          0          0          0   __rtentry4.o
        52          8          0          0          0          0   __scatter.o
        26          0          0          0          0          0   __scatter_copy.o
        28          0          0          0          0          0   __scatter_zi.o
        16          0          0          0          0         68   aeabi_memset4.o
        18          0          0          0          0         80   exit.o
         6          0          0          0          0        152   heapauxi.o
         0          0          0          0          0          0   indicate_semi.o
         2          0          0          0          0          0   libinit.o
         6          0          0          0          0          0   libinit2.o
         2          0          0          0          0          0   libshutdown.o
         2          0          0          0          0          0   libshutdown2.o
         8          4          0          0         96         68   libspace.o
        78          0          0          0          0         80   rt_memclr_w.o
       138          0          0          0          0         68   rt_memcpy_v6.o
       100          0          0          0          0         80   rt_memcpy_w.o
         2          0          0          0          0          0   rtexit.o
        10          0          0          0          0          0   rtexit2.o
        62          0          0          0          0         76   strlen.o
        12          4          0          0          0         68   sys_exit.o
        74          0          0          0          0         80   sys_stackheap_outer.o
         2          0          0          0          0         68   use_no_semi.o
        26          0          0          0          0        116   fpinit.o

    ----------------------------------------------------------------------
       702         16          0          0         96       1072   Library Totals
         6          0          0          0          0          0   (incl. Padding)

    ----------------------------------------------------------------------

      Code (inc. data)   RO Data    RW Data    ZI Data      Debug   Library Name

       670         16          0          0         96        956   c_w.l
        26          0          0          0          0        116   fz_wm.l

    ----------------------------------------------------------------------
       702         16          0          0         96       1072   Library Totals

    ----------------------------------------------------------------------

==============================================================================


      Code (inc. data)   RO Data    RW Data    ZI Data      Debug   

     15224         68        844         12       5036      74647   Grand Totals
     15224         68        844         12       5036      74647   ELF Image Totals
     15224         68        844         12          0          0   ROM Totals

==============================================================================

    Total RO  Size (Code + RO Data)                16068 (  15.69kB)
    Total RW  Size (RW Data + ZI Data)              5048 (   4.93kB)
    Total ROM Size (Code + RO Data + RW Data)      16080 (  15.70kB)

==============================================================================

